/home/benjamin/AgentDevelopment/I4.0-Sharp-Messaging/I40Sharp.Messaging/I40Sharp.Messaging.csproj : warning NU1510: PackageReference System.Text.Json will not be pruned. Consider removing this package from your dependencies, as it is likely unnecessary. [/home/benjamin/AgentDevelopment/MAS-BT/MAS-BT.csproj]
/home/benjamin/AgentDevelopment/MAS-BT/MAS-BT.csproj : warning NU1510: PackageReference System.Text.Json will not be pruned. Consider removing this package from your dependencies, as it is likely unnecessary.
/home/benjamin/AgentDevelopment/MAS-BT/MAS-BT.csproj : warning NU1510: PackageReference System.Text.Json will not be pruned. Consider removing this package from your dependencies, as it is likely unnecessary.
/home/benjamin/AgentDevelopment/I4.0-Sharp-Messaging/I40Sharp.Messaging/I40Sharp.Messaging.csproj : warning NU1510: PackageReference System.Text.Json will not be pruned. Consider removing this package from your dependencies, as it is likely unnecessary.
╔══════════════════════════════════════════════════════════════╗
║    MAS-BT: Module Initialization Test Debug Runner          ║
╚══════════════════════════════════════════════════════════════╝

📋 Configuration:
   OPC UA Endpoint: opc.tcp://192.168.178.30:4849
   OPC UA Username: orchestrator
   Module ID: Module_Assembly_01

🔧 Setup:
   ✓ BTContext erstellt
   ✓ Config-Werte gesetzt (inkl. Username/Password)
   → ConnectToModule wird den UaClient mit Credentials erstellen

�� Lade Behavior Tree: Trees/ModuleInitializationTest.bt.xml

dbug: MAS_BT.Core.BTContext[0]
      Context: config.OPCUA.Endpoint = opc.tcp://192.168.178.30:4849
dbug: MAS_BT.Core.BTContext[0]
      Context: config.OPCUA.Username = orchestrator
dbug: MAS_BT.Core.BTContext[0]
      Context: config.OPCUA.Password = orchestrator
dbug: MAS_BT.Core.BTContext[0]
      Context: config.Agent.ModuleId = Module_Assembly_01
dbug: MAS_BT.Serialization.NodeRegistry[0]
      Registriert Node: Sequence → SequenceNode
dbug: MAS_BT.Serialization.NodeRegistry[0]
      Registriert Node: Selector → SelectorNode
dbug: MAS_BT.Serialization.NodeRegistry[0]
      Registriert Node: Fallback → SelectorNode
dbug: MAS_BT.Serialization.NodeRegistry[0]
      Registriert Node: Parallel → ParallelNode
dbug: MAS_BT.Serialization.NodeRegistry[0]
      Registriert Node: Retry → RetryNode
dbug: MAS_BT.Serialization.NodeRegistry[0]
      Registriert Node: Timeout → TimeoutNode
dbug: MAS_BT.Serialization.NodeRegistry[0]
      Registriert Node: Repeat → RepeatNode
dbug: MAS_BT.Serialization.NodeRegistry[0]
      Registriert Node: Inverter → InverterNode
dbug: MAS_BT.Serialization.NodeRegistry[0]
      Registriert Node: Succeeder → SucceederNode
dbug: MAS_BT.Serialization.NodeRegistry[0]
      Registriert Node: RetryUntilSuccess → RetryUntilSuccessNode
dbug: MAS_BT.Serialization.NodeRegistry[0]
      Registriert Node: Wait → WaitNode
dbug: MAS_BT.Serialization.NodeRegistry[0]
      Registriert Node: SetBlackboardValue → SetBlackboardValueNode
dbug: MAS_BT.Serialization.NodeRegistry[0]
      Registriert Node: Condition → ConditionNode
dbug: MAS_BT.Serialization.NodeRegistry[0]
      Registriert Node: BlackboardCondition → BlackboardConditionNode
dbug: MAS_BT.Serialization.NodeRegistry[0]
      Registriert Node: CompareCondition → CompareConditionNode
dbug: MAS_BT.Serialization.NodeRegistry[0]
      Registriert Node: ReadConfig → ReadConfigNode
dbug: MAS_BT.Serialization.NodeRegistry[0]
      Registriert Node: ConnectToMessagingBroker → ConnectToMessagingBrokerNode
dbug: MAS_BT.Serialization.NodeRegistry[0]
      Registriert Node: ReadShell → ReadShellNode
dbug: MAS_BT.Serialization.NodeRegistry[0]
      Registriert Node: ReadCapabilityDescription → ReadCapabilityDescriptionNode
dbug: MAS_BT.Serialization.NodeRegistry[0]
      Registriert Node: ReadSkills → ReadSkillsNode
dbug: MAS_BT.Serialization.NodeRegistry[0]
      Registriert Node: ReadMachineSchedule → ReadMachineScheduleNode
dbug: MAS_BT.Serialization.NodeRegistry[0]
      Registriert Node: ReadNameplate → ReadNameplateNode
dbug: MAS_BT.Serialization.NodeRegistry[0]
      Registriert Node: ConnectToModule → ConnectToModuleNode
dbug: MAS_BT.Serialization.NodeRegistry[0]
      Registriert Node: CoupleModule → CoupleModuleNode
dbug: MAS_BT.Serialization.NodeRegistry[0]
      Registriert Node: LockResource → LockResourceNode
dbug: MAS_BT.Serialization.NodeRegistry[0]
      Registriert Node: UnlockResource → UnlockResourceNode
dbug: MAS_BT.Serialization.NodeRegistry[0]
      Registriert Node: CheckLockStatus → CheckLockStatusNode
dbug: MAS_BT.Serialization.NodeRegistry[0]
      Registriert Node: SendMessage → SendMessageNode
dbug: MAS_BT.Serialization.NodeRegistry[0]
      Registriert Node: SendLogMessage → SendLogMessageNode
dbug: MAS_BT.Serialization.NodeRegistry[0]
      Registriert Node: SendConfigAsLog → SendConfigAsLogNode
dbug: MAS_BT.Serialization.NodeRegistry[0]
      Registriert Node: WaitForMessage → WaitForMessageNode
dbug: MAS_BT.Serialization.NodeRegistry[0]
      Registriert Node: ReadStorage → ReadStorageNode
dbug: MAS_BT.Serialization.NodeRegistry[0]
      Registriert Node: CheckStartupSkillStatus → CheckStartupSkillStatusNode
dbug: MAS_BT.Serialization.NodeRegistry[0]
      Registriert Node: ExecuteSkill → ExecuteSkillNode
info: MAS_BT.Serialization.NodeRegistry[0]
      Standard Nodes registriert: 34
info: MAS_BT.Serialization.XmlTreeDeserializer[0]
      Lade Behavior Tree aus: Trees/ModuleInitializationTest.bt.xml
info: MAS_BT.Serialization.XmlTreeDeserializer[0]
      Lade Tree: UnnamedTree
dbug: MAS_BT.Serialization.XmlTreeDeserializer[0]
      Deserialisiere Node: Root
dbug: MAS_BT.Serialization.XmlTreeDeserializer[0]
      Root Element gefunden, überspringe und nehme erstes Kind
dbug: MAS_BT.Serialization.XmlTreeDeserializer[0]
      Deserialisiere Node: Sequence
dbug: MAS_BT.Serialization.XmlTreeDeserializer[0]
      Deserialisiere Node: RetryUntilSuccess
dbug: MAS_BT.Serialization.XmlTreeDeserializer[0]
      Property gesetzt: MqttConnectRetry.NumAttempts = -1
dbug: MAS_BT.Serialization.XmlTreeDeserializer[0]
      Property gesetzt: MqttConnectRetry.DelayMs = 5000
dbug: MAS_BT.Serialization.XmlTreeDeserializer[0]
      Deserialisiere Node: Sequence
dbug: MAS_BT.Serialization.XmlTreeDeserializer[0]
      Deserialisiere Node: SendLogMessage
dbug: MAS_BT.Serialization.XmlTreeDeserializer[0]
      Property gesetzt: LogMqttAttempt.LogLevel = INFO
dbug: MAS_BT.Serialization.XmlTreeDeserializer[0]
      Property gesetzt: LogMqttAttempt.Message = Attempting MQTT connection...
dbug: MAS_BT.Serialization.XmlTreeDeserializer[0]
      Config-Interpolation: {AgentId} → {AgentId}
dbug: MAS_BT.Serialization.XmlTreeDeserializer[0]
      Property gesetzt: LogMqttAttempt.Topic = {AgentId}/logs
dbug: MAS_BT.Serialization.XmlTreeDeserializer[0]
      Deserialisiere Node: ConnectToMessagingBroker
dbug: MAS_BT.Serialization.XmlTreeDeserializer[0]
      Property gesetzt: ConnectMqtt.BrokerHost = localhost
dbug: MAS_BT.Serialization.XmlTreeDeserializer[0]
      Property gesetzt: ConnectMqtt.BrokerPort = 1883
dbug: MAS_BT.Serialization.XmlTreeDeserializer[0]
      Property gesetzt: ConnectMqtt.DefaultTopic = factory/agents/messages
dbug: MAS_BT.Serialization.XmlTreeDeserializer[0]
      Property gesetzt: ConnectMqtt.TimeoutMs = 10000
dbug: MAS_BT.Serialization.XmlTreeDeserializer[0]
      Deserialisiere Node: SendLogMessage
dbug: MAS_BT.Serialization.XmlTreeDeserializer[0]
      Property gesetzt: LogMqttConnected.LogLevel = INFO
dbug: MAS_BT.Serialization.XmlTreeDeserializer[0]
      Property gesetzt: LogMqttConnected.Message = MQTT Broker connected successfully
dbug: MAS_BT.Serialization.XmlTreeDeserializer[0]
      Config-Interpolation: {AgentId} → {AgentId}
dbug: MAS_BT.Serialization.XmlTreeDeserializer[0]
      Property gesetzt: LogMqttConnected.Topic = {AgentId}/logs
dbug: MAS_BT.Serialization.XmlTreeDeserializer[0]
      Deserialisiere Node: Sequence
dbug: MAS_BT.Serialization.XmlTreeDeserializer[0]
      Deserialisiere Node: SendLogMessage
dbug: MAS_BT.Serialization.XmlTreeDeserializer[0]
      Property gesetzt: LogConfigStart.LogLevel = INFO
dbug: MAS_BT.Serialization.XmlTreeDeserializer[0]
      Property gesetzt: LogConfigStart.Message = Sending agent configuration...
dbug: MAS_BT.Serialization.XmlTreeDeserializer[0]
      Config-Interpolation: {AgentId} → {AgentId}
dbug: MAS_BT.Serialization.XmlTreeDeserializer[0]
      Property gesetzt: LogConfigStart.Topic = {AgentId}/logs
dbug: MAS_BT.Serialization.XmlTreeDeserializer[0]
      Deserialisiere Node: SendConfigAsLog
dbug: MAS_BT.Serialization.XmlTreeDeserializer[0]
      Deserialisiere Node: SendLogMessage
dbug: MAS_BT.Serialization.XmlTreeDeserializer[0]
      Property gesetzt: LogConfigSent.LogLevel = INFO
dbug: MAS_BT.Serialization.XmlTreeDeserializer[0]
      Property gesetzt: LogConfigSent.Message = Agent configuration sent successfully
dbug: MAS_BT.Serialization.XmlTreeDeserializer[0]
      Config-Interpolation: {AgentId} → {AgentId}
dbug: MAS_BT.Serialization.XmlTreeDeserializer[0]
      Property gesetzt: LogConfigSent.Topic = {AgentId}/logs
dbug: MAS_BT.Serialization.XmlTreeDeserializer[0]
      Deserialisiere Node: RetryUntilSuccess
dbug: MAS_BT.Serialization.XmlTreeDeserializer[0]
      Property gesetzt: OpcUaConnectRetry.NumAttempts = -1
dbug: MAS_BT.Serialization.XmlTreeDeserializer[0]
      Property gesetzt: OpcUaConnectRetry.DelayMs = 3000
dbug: MAS_BT.Serialization.XmlTreeDeserializer[0]
      Deserialisiere Node: Sequence
dbug: MAS_BT.Serialization.XmlTreeDeserializer[0]
      Deserialisiere Node: SendLogMessage
dbug: MAS_BT.Serialization.XmlTreeDeserializer[0]
      Property gesetzt: LogOpcUaAttempt.LogLevel = INFO
dbug: MAS_BT.Serialization.XmlTreeDeserializer[0]
      Property gesetzt: LogOpcUaAttempt.Message = Attempting OPC UA connection...
dbug: MAS_BT.Serialization.XmlTreeDeserializer[0]
      Config-Interpolation: {AgentId} → {AgentId}
dbug: MAS_BT.Serialization.XmlTreeDeserializer[0]
      Property gesetzt: LogOpcUaAttempt.Topic = {AgentId}/logs
dbug: MAS_BT.Serialization.XmlTreeDeserializer[0]
      Deserialisiere Node: ConnectToModule
dbug: MAS_BT.Serialization.XmlTreeDeserializer[0]
      Config-Interpolation: {config.OPCUA.Endpoint} → opc.tcp://192.168.178.30:4849
dbug: MAS_BT.Serialization.XmlTreeDeserializer[0]
      Property gesetzt: ConnectOPC.Endpoint = opc.tcp://192.168.178.30:4849
dbug: MAS_BT.Serialization.XmlTreeDeserializer[0]
      Property gesetzt: ConnectOPC.TimeoutMs = 30000
dbug: MAS_BT.Serialization.XmlTreeDeserializer[0]
      Deserialisiere Node: SendLogMessage
dbug: MAS_BT.Serialization.XmlTreeDeserializer[0]
      Property gesetzt: LogOpcUaConnected.LogLevel = INFO
dbug: MAS_BT.Serialization.XmlTreeDeserializer[0]
      Property gesetzt: LogOpcUaConnected.Message = OPC UA connected successfully
dbug: MAS_BT.Serialization.XmlTreeDeserializer[0]
      Config-Interpolation: {AgentId} → {AgentId}
dbug: MAS_BT.Serialization.XmlTreeDeserializer[0]
      Property gesetzt: LogOpcUaConnected.Topic = {AgentId}/logs
dbug: MAS_BT.Serialization.XmlTreeDeserializer[0]
      Deserialisiere Node: RetryUntilSuccess
dbug: MAS_BT.Serialization.XmlTreeDeserializer[0]
      Property gesetzt: LockRetry.NumAttempts = -1
dbug: MAS_BT.Serialization.XmlTreeDeserializer[0]
      Property gesetzt: LockRetry.DelayMs = 2000
dbug: MAS_BT.Serialization.XmlTreeDeserializer[0]
      Deserialisiere Node: Sequence
dbug: MAS_BT.Serialization.XmlTreeDeserializer[0]
      Deserialisiere Node: SendLogMessage
dbug: MAS_BT.Serialization.XmlTreeDeserializer[0]
      Property gesetzt: LogLockAttempt.LogLevel = INFO
dbug: MAS_BT.Serialization.XmlTreeDeserializer[0]
      Property gesetzt: LogLockAttempt.Message = Attempting to lock module...
dbug: MAS_BT.Serialization.XmlTreeDeserializer[0]
      Config-Interpolation: {AgentId} → {AgentId}
dbug: MAS_BT.Serialization.XmlTreeDeserializer[0]
      Property gesetzt: LogLockAttempt.Topic = {AgentId}/logs
dbug: MAS_BT.Serialization.XmlTreeDeserializer[0]
      Deserialisiere Node: Fallback
dbug: MAS_BT.Serialization.XmlTreeDeserializer[0]
      Deserialisiere Node: Sequence
dbug: MAS_BT.Serialization.XmlTreeDeserializer[0]
      Deserialisiere Node: LockResource
dbug: MAS_BT.Serialization.XmlTreeDeserializer[0]
      Property gesetzt: LockModule.ModuleName = ScrewingStation
dbug: MAS_BT.Serialization.XmlTreeDeserializer[0]
      Config-Interpolation: {config.Agent.ModuleId} → Module_Assembly_01
dbug: MAS_BT.Serialization.XmlTreeDeserializer[0]
      Property gesetzt: LockModule.ResourceId = Module_Assembly_01
dbug: MAS_BT.Serialization.XmlTreeDeserializer[0]
      Property gesetzt: LockModule.TimeoutSeconds = 30
dbug: MAS_BT.Serialization.XmlTreeDeserializer[0]
      Deserialisiere Node: Wait
dbug: MAS_BT.Serialization.XmlTreeDeserializer[0]
      Property gesetzt: WaitAfterLock.DelayMs = 500
dbug: MAS_BT.Serialization.XmlTreeDeserializer[0]
      Deserialisiere Node: CheckLockStatus
dbug: MAS_BT.Serialization.XmlTreeDeserializer[0]
      Property gesetzt: VerifyLock.ModuleName = ScrewingStation
dbug: MAS_BT.Serialization.XmlTreeDeserializer[0]
      Deserialisiere Node: SendLogMessage
dbug: MAS_BT.Serialization.XmlTreeDeserializer[0]
      Property gesetzt: LogLocked.LogLevel = INFO
dbug: MAS_BT.Serialization.XmlTreeDeserializer[0]
      Property gesetzt: LogLocked.Message = Module locked and verified successfully
dbug: MAS_BT.Serialization.XmlTreeDeserializer[0]
      Config-Interpolation: {AgentId} → {AgentId}
dbug: MAS_BT.Serialization.XmlTreeDeserializer[0]
      Property gesetzt: LogLocked.Topic = {AgentId}/logs
dbug: MAS_BT.Serialization.XmlTreeDeserializer[0]
      Deserialisiere Node: Sequence
dbug: MAS_BT.Serialization.XmlTreeDeserializer[0]
      Deserialisiere Node: SendLogMessage
dbug: MAS_BT.Serialization.XmlTreeDeserializer[0]
      Property gesetzt: LogWaitingForUnlock.LogLevel = WARNING
dbug: MAS_BT.Serialization.XmlTreeDeserializer[0]
      Property gesetzt: LogWaitingForUnlock.Message = Waiting for Module to be unlocked
dbug: MAS_BT.Serialization.XmlTreeDeserializer[0]
      Config-Interpolation: {AgentId} → {AgentId}
dbug: MAS_BT.Serialization.XmlTreeDeserializer[0]
      Property gesetzt: LogWaitingForUnlock.Topic = {AgentId}/logs
dbug: MAS_BT.Serialization.XmlTreeDeserializer[0]
      Deserialisiere Node: Condition
dbug: MAS_BT.Serialization.XmlTreeDeserializer[0]
      Deserialisiere Node: BlackboardCondition
dbug: MAS_BT.Serialization.XmlTreeDeserializer[0]
      Property gesetzt: BlackboardCondition.Key = __never_exists__
dbug: MAS_BT.Serialization.XmlTreeDeserializer[0]
      Property gesetzt: BlackboardCondition.ExpectedValue = true
dbug: MAS_BT.Serialization.XmlTreeDeserializer[0]
      Deserialisiere Node: Sequence
dbug: MAS_BT.Serialization.XmlTreeDeserializer[0]
      Deserialisiere Node: Sequence
dbug: MAS_BT.Serialization.XmlTreeDeserializer[0]
      Deserialisiere Node: SendLogMessage
dbug: MAS_BT.Serialization.XmlTreeDeserializer[0]
      Property gesetzt: LogPreStartupCheck.LogLevel = INFO
dbug: MAS_BT.Serialization.XmlTreeDeserializer[0]
      Property gesetzt: LogPreStartupCheck.Message = Verifying lock before starting skill...
dbug: MAS_BT.Serialization.XmlTreeDeserializer[0]
      Config-Interpolation: {AgentId} → {AgentId}
dbug: MAS_BT.Serialization.XmlTreeDeserializer[0]
      Property gesetzt: LogPreStartupCheck.Topic = {AgentId}/logs
dbug: MAS_BT.Serialization.XmlTreeDeserializer[0]
      Deserialisiere Node: CheckLockStatus
dbug: MAS_BT.Serialization.XmlTreeDeserializer[0]
      Property gesetzt: CheckLockBeforeStartup.ModuleName = ScrewingStation
dbug: MAS_BT.Serialization.XmlTreeDeserializer[0]
      Deserialisiere Node: Sequence
dbug: MAS_BT.Serialization.XmlTreeDeserializer[0]
      Deserialisiere Node: SendLogMessage
dbug: MAS_BT.Serialization.XmlTreeDeserializer[0]
      Property gesetzt: LogStartupBegin.LogLevel = INFO
dbug: MAS_BT.Serialization.XmlTreeDeserializer[0]
      Property gesetzt: LogStartupBegin.Message = Starting module with StartupSkill...
dbug: MAS_BT.Serialization.XmlTreeDeserializer[0]
      Config-Interpolation: {AgentId} → {AgentId}
dbug: MAS_BT.Serialization.XmlTreeDeserializer[0]
      Property gesetzt: LogStartupBegin.Topic = {AgentId}/logs
dbug: MAS_BT.Serialization.XmlTreeDeserializer[0]
      Deserialisiere Node: ExecuteSkill
dbug: MAS_BT.Serialization.XmlTreeDeserializer[0]
      Property gesetzt: ExecuteStartup.ModuleName = ScrewingStation
dbug: MAS_BT.Serialization.XmlTreeDeserializer[0]
      Property gesetzt: ExecuteStartup.SkillName = StartupSkill
dbug: MAS_BT.Serialization.XmlTreeDeserializer[0]
      Property gesetzt: ExecuteStartup.WaitForCompletion = False
dbug: MAS_BT.Serialization.XmlTreeDeserializer[0]
      Property gesetzt: ExecuteStartup.TimeoutSeconds = 60
dbug: MAS_BT.Serialization.XmlTreeDeserializer[0]
      Property gesetzt: ExecuteStartup.ResetBeforeIfHalted = True
dbug: MAS_BT.Serialization.XmlTreeDeserializer[0]
      Deserialisiere Node: SendLogMessage
dbug: MAS_BT.Serialization.XmlTreeDeserializer[0]
      Property gesetzt: LogStartupComplete.LogLevel = INFO
dbug: MAS_BT.Serialization.XmlTreeDeserializer[0]
      Property gesetzt: LogStartupComplete.Message = StartupSkill started successfully (Running)
dbug: MAS_BT.Serialization.XmlTreeDeserializer[0]
      Config-Interpolation: {AgentId} → {AgentId}
dbug: MAS_BT.Serialization.XmlTreeDeserializer[0]
      Property gesetzt: LogStartupComplete.Topic = {AgentId}/logs
dbug: MAS_BT.Serialization.XmlTreeDeserializer[0]
      Deserialisiere Node: Sequence
dbug: MAS_BT.Serialization.XmlTreeDeserializer[0]
      Deserialisiere Node: SendLogMessage
dbug: MAS_BT.Serialization.XmlTreeDeserializer[0]
      Property gesetzt: LogStorageReadStart.LogLevel = INFO
dbug: MAS_BT.Serialization.XmlTreeDeserializer[0]
      Property gesetzt: LogStorageReadStart.Message = Reading storage component...
dbug: MAS_BT.Serialization.XmlTreeDeserializer[0]
      Config-Interpolation: {AgentId} → {AgentId}
dbug: MAS_BT.Serialization.XmlTreeDeserializer[0]
      Property gesetzt: LogStorageReadStart.Topic = {AgentId}/logs
dbug: MAS_BT.Serialization.XmlTreeDeserializer[0]
      Deserialisiere Node: ReadStorage
dbug: MAS_BT.Serialization.XmlTreeDeserializer[0]
      Property gesetzt: ReadModuleStorage.ModuleName = ScrewingStation
dbug: MAS_BT.Serialization.XmlTreeDeserializer[0]
      Deserialisiere Node: SendLogMessage
dbug: MAS_BT.Serialization.XmlTreeDeserializer[0]
      Property gesetzt: LogStorageReadComplete.LogLevel = INFO
dbug: MAS_BT.Serialization.XmlTreeDeserializer[0]
      Property gesetzt: LogStorageReadComplete.Message = Storage component read successfully
dbug: MAS_BT.Serialization.XmlTreeDeserializer[0]
      Config-Interpolation: {AgentId} → {AgentId}
dbug: MAS_BT.Serialization.XmlTreeDeserializer[0]
      Property gesetzt: LogStorageReadComplete.Topic = {AgentId}/logs
dbug: MAS_BT.Serialization.XmlTreeDeserializer[0]
      Deserialisiere Node: SendLogMessage
dbug: MAS_BT.Serialization.XmlTreeDeserializer[0]
      Property gesetzt: LogInitComplete.LogLevel = INFO
dbug: MAS_BT.Serialization.XmlTreeDeserializer[0]
      Property gesetzt: LogInitComplete.Message = Module initialization completed successfully
dbug: MAS_BT.Serialization.XmlTreeDeserializer[0]
      Config-Interpolation: {AgentId} → {AgentId}
dbug: MAS_BT.Serialization.XmlTreeDeserializer[0]
      Property gesetzt: LogInitComplete.Topic = {AgentId}/logs
✓ BT geladen: InitializationSequence
info: MAS_BT.Serialization.XmlTreeDeserializer[0]
      ✓ Behavior Tree 'UnnamedTree' erfolgreich geladen

────────────────────────────────────────────────────────────────

🚀 STARTE BEHAVIOR TREE EXECUTION

────────────────────────────────────────────────────────────────

dbug: MAS_BT.Serialization.XmlTreeDeserializer[0]
      RetryUntilSuccess 'MqttConnectRetry' starting (infinite)
dbug: MAS_BT.Serialization.XmlTreeDeserializer[0]
      RetryUntilSuccess 'MqttConnectRetry' attempt 1
warn: MAS_BT.Serialization.XmlTreeDeserializer[0]
      SendLogMessage: MessagingClient not available, skipping log message
info: MAS_BT.Serialization.XmlTreeDeserializer[0]
      ConnectToMessagingBroker: Connecting to localhost:1883
info: MAS_BT.Serialization.XmlTreeDeserializer[0]
      MessagingClient: Connected to MQTT broker
dbug: MAS_BT.Core.BTContext[0]
      Context: MessagingClient = I40Sharp.Messaging.MessagingClient
dbug: MAS_BT.Core.BTContext[0]
      Context: messagingConnected = True
dbug: MAS_BT.Core.BTContext[0]
      Context: messagingBroker = localhost:1883
info: MAS_BT.Serialization.XmlTreeDeserializer[0]
      ConnectToMessagingBroker: Successfully connected to localhost:1883
dbug: MAS_BT.Serialization.XmlTreeDeserializer[0]
      SendLogMessage: Sent log message via MQTT to {AgentId}/logs
info: MAS_BT.Serialization.XmlTreeDeserializer[0]
      RetryUntilSuccess 'MqttConnectRetry' succeeded after 1 attempts
dbug: MAS_BT.Serialization.XmlTreeDeserializer[0]
      SendLogMessage: Sent log message via MQTT to {AgentId}/logs
info: MAS_BT.Serialization.XmlTreeDeserializer[0]
      SendConfigAsLog: Sent configuration to MQTT topic TestAgent/config
dbug: MAS_BT.Serialization.XmlTreeDeserializer[0]
      SendConfigAsLog: Config elements sent: 5
dbug: MAS_BT.Serialization.XmlTreeDeserializer[0]
      SendLogMessage: Sent log message via MQTT to {AgentId}/logs
dbug: MAS_BT.Serialization.XmlTreeDeserializer[0]
      RetryUntilSuccess 'OpcUaConnectRetry' starting (infinite)
dbug: MAS_BT.Serialization.XmlTreeDeserializer[0]
      RetryUntilSuccess 'OpcUaConnectRetry' attempt 1
dbug: MAS_BT.Serialization.XmlTreeDeserializer[0]
      SendLogMessage: Sent log message via MQTT to {AgentId}/logs
info: MAS_BT.Serialization.XmlTreeDeserializer[0]
      ConnectToModule: Connecting to opc.tcp://192.168.178.30:4849
info: MAS_BT.Serialization.XmlTreeDeserializer[0]
      ConnectToModule: Creating new connection to opc.tcp://192.168.178.30:4849
dbug: MAS_BT.Serialization.XmlTreeDeserializer[0]
      ConnectToModule: Using authentication - Username: orchestrator
[2025-12-06 00:51:30] INFO: Selected endpoint: Url=opc.tcp://192.168.178.30:4849/, SecurityPolicy=http://opcfoundation.org/UA/SecurityPolicy#None, SecurityMode=None
[2025-12-06 00:51:30] INFO: Endpoint UserTokenPolicy: TokenType=UserName, PolicyId=username
[2025-12-06 00:51:30] INFO: Session connected. Namespace count=7
[2025-12-06 00:51:30] INFO: Found module candidate: FolderType (node=i=61)
[2025-12-06 00:51:30] INFO: Found module candidate: ScrewingStation (node=ns=6;s=ScrewingStation)
[2025-12-06 00:51:30] INFO: Module 'FolderType' setup completed.
[2025-12-06 00:51:30] DEBUG: RemoteModule 'ScrewingStation': discovered child MachineryBuildingBlocks (browse='MachineryBuildingBlocks') of class Object
[2025-12-06 00:51:30] DEBUG: RemoteModule 'ScrewingStation': discovered child Components (browse='Components') of class Object
[2025-12-06 00:51:30] DEBUG: RemoteModule 'ScrewingStation': discovered child Identification (browse='Identification') of class Object
[2025-12-06 00:51:30] DEBUG: RemoteModule 'ScrewingStation': discovered child Resources (browse='Resources') of class Object
[2025-12-06 00:51:30] DEBUG: RemoteModule 'ScrewingStation': discovered child Lock (browse='Lock') of class Object
[2025-12-06 00:51:30] DEBUG: RemoteModule 'ScrewingStation': discovered child Monitoring (browse='Monitoring') of class Object
[2025-12-06 00:51:30] DEBUG: RemoteModule 'ScrewingStation': discovered child SkillSet (browse='SkillSet') of class Object
[2025-12-06 00:51:30] DEBUG: RemoteModule 'ScrewingStation': discovered child Notification (browse='Notification') of class Object
[2025-12-06 00:51:30] DEBUG: RemoteVariableCollector: found variable Identifier (ns=3;s=ScrewingStation.Monitoring.MachineRoomList.Identifier)
[2025-12-06 00:51:30] DEBUG: RemoteVariableCollector: found variable NodeVersion (ns=3;s=ScrewingStation.Monitoring.MachineRoomList.NodeVersion)
[2025-12-06 00:51:30] DEBUG: RemoteVariableCollector: found variable WorldFrame (ns=3;s=ScrewingStation.Monitoring.MachineRoomList.WorldFrame)
[2025-12-06 00:51:30] DEBUG: RemoteVariableCollector: found variable Locked (ns=6;s=ScrewingStation.Lock.Locked)
[2025-12-06 00:51:30] DEBUG: RemoteVariableCollector: found variable LockingClient (ns=6;s=ScrewingStation.Lock.LockingClient)
[2025-12-06 00:51:30] DEBUG: RemoteVariableCollector: found variable Base (ns=3;s=ScrewingStation.Monitoring.MachineRoomList.WorldFrame.Base)
[2025-12-06 00:51:30] DEBUG: RemoteVariableCollector: found variable LockingUser (ns=6;s=ScrewingStation.Lock.LockingUser)
[2025-12-06 00:51:30] DEBUG: RemoteVariableCollector: found variable RemainingLockTime (ns=6;s=ScrewingStation.Lock.RemainingLockTime)
[2025-12-06 00:51:30] DEBUG: RemoteVariableCollector: found variable CurrentState (ns=6;i=7038)
[2025-12-06 00:51:30] DEBUG: RemoteVariableCollector: found variable PositionFrame (ns=3;s=ScrewingStation.Components.Storage.Monitoring.SpatialObject.PositionFrame)
[2025-12-06 00:51:30] DEBUG: RemoteVariableCollector: found variable Base (ns=3;s=ScrewingStation.Components.Storage.Monitoring.SpatialObject.PositionFrame.Base)
[2025-12-06 00:51:30] DEBUG: RemoteVariableCollector: found variable Orientation (ns=3;s=ScrewingStation.Components.Storage.Monitoring.SpatialObject.PositionFrame.Orientation)
[2025-12-06 00:51:30] DEBUG: RemoteVariableCollector: found variable Position (ns=3;s=ScrewingStation.Components.Storage.Monitoring.SpatialObject.PositionFrame.Position)
[2025-12-06 00:51:30] INFO: RemoteVariableCollector: traversal complete. variables-added=5, skipped-non-variable=4, read-failures=0, total-visited=10
[2025-12-06 00:51:30] DEBUG: RemoteVariableCollector: found variable Slot_1 (ns=3;s=ScrewingStation.Components.Storage.Monitoring.SpatialObject.AttachPoints.Slot_1)
[2025-12-06 00:51:30] DEBUG: RemoteVariableCollector: found variable Slot_2 (ns=3;s=ScrewingStation.Components.Storage.Monitoring.SpatialObject.AttachPoints.Slot_2)
[2025-12-06 00:51:30] DEBUG: RemoteVariableCollector: found variable Slot_3 (ns=3;s=ScrewingStation.Components.Storage.Monitoring.SpatialObject.AttachPoints.Slot_3)
[2025-12-06 00:51:30] DEBUG: RemoteVariableCollector: found variable Slot_4 (ns=3;s=ScrewingStation.Components.Storage.Monitoring.SpatialObject.AttachPoints.Slot_4)
[2025-12-06 00:51:30] INFO: RemoteModule 'ScrewingStation': set Lock 'Lock'
[2025-12-06 00:51:30] DEBUG: RemoteVariableCollector: found variable A (ns=3;s=ScrewingStation.Components.Storage.Monitoring.SpatialObject.PositionFrame.Orientation.A)
[2025-12-06 00:51:30] DEBUG: RemoteVariableCollector: found variable AngleUnit (ns=3;s=ScrewingStation.Components.Storage.Monitoring.SpatialObject.PositionFrame.Orientation.AngleUnit)
[2025-12-06 00:51:30] DEBUG: RemoteVariableCollector: found variable B (ns=3;s=ScrewingStation.Components.Storage.Monitoring.SpatialObject.PositionFrame.Orientation.B)
[2025-12-06 00:51:30] DEBUG: RemoteVariableCollector: found variable C (ns=3;s=ScrewingStation.Components.Storage.Monitoring.SpatialObject.PositionFrame.Orientation.C)
[2025-12-06 00:51:30] DEBUG: RemoteVariableCollector: found variable LengthUnit (ns=3;s=ScrewingStation.Components.Storage.Monitoring.SpatialObject.PositionFrame.Position.LengthUnit)
[2025-12-06 00:51:30] DEBUG: RemoteVariableCollector: found variable X (ns=3;s=ScrewingStation.Components.Storage.Monitoring.SpatialObject.PositionFrame.Position.X)
[2025-12-06 00:51:30] DEBUG: RemoteVariableCollector: found variable Y (ns=3;s=ScrewingStation.Components.Storage.Monitoring.SpatialObject.PositionFrame.Position.Y)
[2025-12-06 00:51:30] DEBUG: RemoteVariableCollector: found variable Z (ns=3;s=ScrewingStation.Components.Storage.Monitoring.SpatialObject.PositionFrame.Position.Z)
[2025-12-06 00:51:30] DEBUG: RemoteVariableCollector: found variable Base (ns=3;s=ScrewingStation.Components.Storage.Monitoring.SpatialObject.AttachPoints.Slot_1.Base)
[2025-12-06 00:51:30] DEBUG: RemoteVariableCollector: found variable Orientation (ns=3;s=ScrewingStation.Components.Storage.Monitoring.SpatialObject.AttachPoints.Slot_1.Orientation)
[2025-12-06 00:51:30] DEBUG: RemoteVariableCollector: found variable Position (ns=3;s=ScrewingStation.Components.Storage.Monitoring.SpatialObject.AttachPoints.Slot_1.Position)
[2025-12-06 00:51:30] DEBUG: RemoteVariableCollector: found variable Base (ns=3;s=ScrewingStation.Components.Storage.Monitoring.SpatialObject.AttachPoints.Slot_2.Base)
[2025-12-06 00:51:30] DEBUG: RemoteVariableCollector: found variable Orientation (ns=3;s=ScrewingStation.Components.Storage.Monitoring.SpatialObject.AttachPoints.Slot_2.Orientation)
[2025-12-06 00:51:30] DEBUG: RemoteVariableCollector: found variable Position (ns=3;s=ScrewingStation.Components.Storage.Monitoring.SpatialObject.AttachPoints.Slot_2.Position)
[2025-12-06 00:51:30] DEBUG: RemoteVariableCollector: found variable Base (ns=3;s=ScrewingStation.Components.Storage.Monitoring.SpatialObject.AttachPoints.Slot_3.Base)
[2025-12-06 00:51:30] DEBUG: RemoteVariableCollector: found variable Orientation (ns=3;s=ScrewingStation.Components.Storage.Monitoring.SpatialObject.AttachPoints.Slot_3.Orientation)
[2025-12-06 00:51:30] DEBUG: RemoteVariableCollector: found variable Position (ns=3;s=ScrewingStation.Components.Storage.Monitoring.SpatialObject.AttachPoints.Slot_3.Position)
[2025-12-06 00:51:30] DEBUG: RemoteVariableCollector: found variable Base (ns=3;s=ScrewingStation.Components.Storage.Monitoring.SpatialObject.AttachPoints.Slot_4.Base)
[2025-12-06 00:51:30] DEBUG: RemoteVariableCollector: found variable Orientation (ns=3;s=ScrewingStation.Components.Storage.Monitoring.SpatialObject.AttachPoints.Slot_4.Orientation)
[2025-12-06 00:51:30] DEBUG: RemoteVariableCollector: found variable Position (ns=3;s=ScrewingStation.Components.Storage.Monitoring.SpatialObject.AttachPoints.Slot_4.Position)
[2025-12-06 00:51:30] INFO: RemoteModule 'ScrewingStation': added Skill 'StartupSkill' to SkillSet and Methods
[2025-12-06 00:51:30] INFO: RemoteModule 'ScrewingStation': added Component from MachineComponents 'ModuleSafety'
[2025-12-06 00:51:30] INFO: RemoteModule 'ScrewingStation': added Component 'Identification'
[2025-12-06 00:51:30] DEBUG: RemoteVariableCollector: found variable A (ns=3;s=ScrewingStation.Components.Storage.Monitoring.SpatialObject.AttachPoints.Slot_1.Orientation.A)
[2025-12-06 00:51:30] DEBUG: RemoteVariableCollector: found variable AngleUnit (ns=3;s=ScrewingStation.Components.Storage.Monitoring.SpatialObject.AttachPoints.Slot_1.Orientation.AngleUnit)
[2025-12-06 00:51:30] DEBUG: RemoteVariableCollector: found variable B (ns=3;s=ScrewingStation.Components.Storage.Monitoring.SpatialObject.AttachPoints.Slot_1.Orientation.B)
[2025-12-06 00:51:30] DEBUG: RemoteVariableCollector: found variable C (ns=3;s=ScrewingStation.Components.Storage.Monitoring.SpatialObject.AttachPoints.Slot_1.Orientation.C)
[2025-12-06 00:51:30] DEBUG: RemoteVariableCollector: found variable LengthUnit (ns=3;s=ScrewingStation.Components.Storage.Monitoring.SpatialObject.AttachPoints.Slot_1.Position.LengthUnit)
[2025-12-06 00:51:30] DEBUG: RemoteVariableCollector: found variable X (ns=3;s=ScrewingStation.Components.Storage.Monitoring.SpatialObject.AttachPoints.Slot_1.Position.X)
[2025-12-06 00:51:30] DEBUG: RemoteVariableCollector: found variable Y (ns=3;s=ScrewingStation.Components.Storage.Monitoring.SpatialObject.AttachPoints.Slot_1.Position.Y)
[2025-12-06 00:51:30] DEBUG: RemoteVariableCollector: found variable Z (ns=3;s=ScrewingStation.Components.Storage.Monitoring.SpatialObject.AttachPoints.Slot_1.Position.Z)
[2025-12-06 00:51:30] DEBUG: RemoteVariableCollector: found variable A (ns=3;s=ScrewingStation.Components.Storage.Monitoring.SpatialObject.AttachPoints.Slot_2.Orientation.A)
[2025-12-06 00:51:30] DEBUG: RemoteVariableCollector: found variable AngleUnit (ns=3;s=ScrewingStation.Components.Storage.Monitoring.SpatialObject.AttachPoints.Slot_2.Orientation.AngleUnit)
[2025-12-06 00:51:30] DEBUG: RemoteVariableCollector: found variable B (ns=3;s=ScrewingStation.Components.Storage.Monitoring.SpatialObject.AttachPoints.Slot_2.Orientation.B)
[2025-12-06 00:51:30] DEBUG: RemoteVariableCollector: found variable C (ns=3;s=ScrewingStation.Components.Storage.Monitoring.SpatialObject.AttachPoints.Slot_2.Orientation.C)
[2025-12-06 00:51:30] DEBUG: RemoteVariableCollector: found variable LengthUnit (ns=3;s=ScrewingStation.Components.Storage.Monitoring.SpatialObject.AttachPoints.Slot_2.Position.LengthUnit)
[2025-12-06 00:51:30] DEBUG: RemoteVariableCollector: found variable X (ns=3;s=ScrewingStation.Components.Storage.Monitoring.SpatialObject.AttachPoints.Slot_2.Position.X)
[2025-12-06 00:51:30] DEBUG: RemoteVariableCollector: found variable Y (ns=3;s=ScrewingStation.Components.Storage.Monitoring.SpatialObject.AttachPoints.Slot_2.Position.Y)
[2025-12-06 00:51:30] DEBUG: RemoteVariableCollector: found variable Z (ns=3;s=ScrewingStation.Components.Storage.Monitoring.SpatialObject.AttachPoints.Slot_2.Position.Z)
[2025-12-06 00:51:30] DEBUG: RemoteVariableCollector: found variable A (ns=3;s=ScrewingStation.Components.Storage.Monitoring.SpatialObject.AttachPoints.Slot_3.Orientation.A)
[2025-12-06 00:51:30] DEBUG: RemoteVariableCollector: found variable AngleUnit (ns=3;s=ScrewingStation.Components.Storage.Monitoring.SpatialObject.AttachPoints.Slot_3.Orientation.AngleUnit)
[2025-12-06 00:51:30] DEBUG: RemoteVariableCollector: found variable B (ns=3;s=ScrewingStation.Components.Storage.Monitoring.SpatialObject.AttachPoints.Slot_3.Orientation.B)
[2025-12-06 00:51:30] DEBUG: RemoteVariableCollector: found variable C (ns=3;s=ScrewingStation.Components.Storage.Monitoring.SpatialObject.AttachPoints.Slot_3.Orientation.C)
[2025-12-06 00:51:30] DEBUG: RemoteVariableCollector: found variable LengthUnit (ns=3;s=ScrewingStation.Components.Storage.Monitoring.SpatialObject.AttachPoints.Slot_3.Position.LengthUnit)
[2025-12-06 00:51:30] DEBUG: RemoteVariableCollector: found variable X (ns=3;s=ScrewingStation.Components.Storage.Monitoring.SpatialObject.AttachPoints.Slot_3.Position.X)
[2025-12-06 00:51:30] DEBUG: RemoteVariableCollector: found variable Y (ns=3;s=ScrewingStation.Components.Storage.Monitoring.SpatialObject.AttachPoints.Slot_3.Position.Y)
[2025-12-06 00:51:30] DEBUG: RemoteVariableCollector: found variable Z (ns=3;s=ScrewingStation.Components.Storage.Monitoring.SpatialObject.AttachPoints.Slot_3.Position.Z)
[2025-12-06 00:51:30] DEBUG: RemoteVariableCollector: found variable A (ns=3;s=ScrewingStation.Components.Storage.Monitoring.SpatialObject.AttachPoints.Slot_4.Orientation.A)
[2025-12-06 00:51:30] DEBUG: RemoteVariableCollector: found variable AngleUnit (ns=3;s=ScrewingStation.Components.Storage.Monitoring.SpatialObject.AttachPoints.Slot_4.Orientation.AngleUnit)
[2025-12-06 00:51:30] DEBUG: RemoteVariableCollector: found variable B (ns=3;s=ScrewingStation.Components.Storage.Monitoring.SpatialObject.AttachPoints.Slot_4.Orientation.B)
[2025-12-06 00:51:30] DEBUG: RemoteVariableCollector: found variable C (ns=3;s=ScrewingStation.Components.Storage.Monitoring.SpatialObject.AttachPoints.Slot_4.Orientation.C)
[2025-12-06 00:51:30] DEBUG: RemoteVariableCollector: found variable LengthUnit (ns=3;s=ScrewingStation.Components.Storage.Monitoring.SpatialObject.AttachPoints.Slot_4.Position.LengthUnit)
[2025-12-06 00:51:30] DEBUG: RemoteVariableCollector: found variable X (ns=3;s=ScrewingStation.Components.Storage.Monitoring.SpatialObject.AttachPoints.Slot_4.Position.X)
[2025-12-06 00:51:30] DEBUG: RemoteVariableCollector: found variable Y (ns=3;s=ScrewingStation.Components.Storage.Monitoring.SpatialObject.AttachPoints.Slot_4.Position.Y)
[2025-12-06 00:51:30] DEBUG: RemoteVariableCollector: found variable Z (ns=3;s=ScrewingStation.Components.Storage.Monitoring.SpatialObject.AttachPoints.Slot_4.Position.Z)
[2025-12-06 00:51:30] INFO: RemoteModule 'ScrewingStation': added Skill 'ShutdownSkill' to SkillSet and Methods
[2025-12-06 00:51:30] DEBUG: RemoteVariableCollector: found variable StorageSlotCount (ns=6;s=ScrewingStation.Components.Storage.Attributes.StorageSlotCount)
[2025-12-06 00:51:30] DEBUG: RemoteVariableCollector: found variable FreeStorageSlotCount (ns=6;s=ScrewingStation.Components.Storage.Monitoring.FreeStorageSlotCount)
[2025-12-06 00:51:30] DEBUG: RemoteVariableCollector: found variable Manufacturer (ns=6;s=ScrewingStation.Components.Storage.Identification.Manufacturer)
[2025-12-06 00:51:30] DEBUG: RemoteVariableCollector: found variable SerialNumber (ns=6;s=ScrewingStation.Components.Storage.Identification.SerialNumber)
[2025-12-06 00:51:30] DEBUG: RemoteVariableCollector: found variable AssetId (ns=6;s=ScrewingStation.Components.Storage.Identification.AssetId)
[2025-12-06 00:51:30] DEBUG: RemoteVariableCollector: found variable ComponentName (ns=6;s=ScrewingStation.Components.Storage.Identification.ComponentName)
[2025-12-06 00:51:30] DEBUG: RemoteVariableCollector: found variable EURange (ns=6;s=ScrewingStation.Components.Storage.Monitoring.FreeStorageSlotCount.EURange)
[2025-12-06 00:51:30] DEBUG: RemoteVariableCollector: skipping property-like variable 'EURange' (ns=6;s=ScrewingStation.Components.Storage.Monitoring.FreeStorageSlotCount.EURange)
[2025-12-06 00:51:30] DEBUG: RemoteVariableCollector: found variable EngineeringUnits (ns=6;s=ScrewingStation.Components.Storage.Monitoring.FreeStorageSlotCount.EngineeringUnits)
[2025-12-06 00:51:30] DEBUG: RemoteVariableCollector: skipping property-like variable 'EngineeringUnits' (ns=6;s=ScrewingStation.Components.Storage.Monitoring.FreeStorageSlotCount.EngineeringUnits)
[2025-12-06 00:51:30] DEBUG: RemoteVariableCollector: found variable PositionFrame (ns=3;s=ScrewingStation.Components.Storage.Monitoring.SpatialObject.PositionFrame)
[2025-12-06 00:51:30] DEBUG: RemoteVariableCollector: found variable LastErrorCode (ns=6;s=ScrewingStation.Components.Storage.Notification.Messages.LastErrorCode)
[2025-12-06 00:51:30] DEBUG: RemoteVariableCollector: found variable LastText (ns=6;s=ScrewingStation.Components.Storage.Notification.Messages.LastText)
[2025-12-06 00:51:30] DEBUG: RemoteVariableCollector: found variable LastSeverity (ns=6;s=ScrewingStation.Components.Storage.Notification.Messages.LastSeverity)
[2025-12-06 00:51:30] INFO: RemoteModule 'ScrewingStation': added Skill 'Store' to SkillSet and Methods
[2025-12-06 00:51:30] DEBUG: RemoteVariableCollector: found variable Name (ns=5;s=ScrewingStation.Components.Storage.MethodSet.WriteStorageInfo.Name)
[2025-12-06 00:51:30] DEBUG: RemoteVariableCollector: found variable MinAccessLevel (ns=5;s=ScrewingStation.Components.Storage.MethodSet.WriteStorageInfo.MinAccessLevel)
[2025-12-06 00:51:30] DEBUG: RemoteVariableCollector: found variable Name (ns=5;s=ScrewingStation.Components.Storage.MethodSet.EmptySlot.Name)
[2025-12-06 00:51:30] DEBUG: RemoteVariableCollector: found variable MinAccessLevel (ns=5;s=ScrewingStation.Components.Storage.MethodSet.EmptySlot.MinAccessLevel)
[2025-12-06 00:51:30] INFO: RemoteVariableCollector: traversal complete. variables-added=64, skipped-non-variable=3, read-failures=0, total-visited=68
[2025-12-06 00:51:30] INFO: RemoteModule 'ScrewingStation': added Monitoring variables from 'Monitoring' (19 vars)
[2025-12-06 00:51:30] DEBUG: RemoteVariableCollector: found variable Name (ns=5;s=ScrewingStation.Components.Storage.MethodSet.ExportStorageData.Name)
[2025-12-06 00:51:30] DEBUG: RemoteVariableCollector: found variable MinAccessLevel (ns=5;s=ScrewingStation.Components.Storage.MethodSet.ExportStorageData.MinAccessLevel)
[2025-12-06 00:51:30] DEBUG: RemoteVariableCollector: found variable Name (ns=5;s=ScrewingStation.Components.Storage.MethodSet.ImportStorageData.Name)
[2025-12-06 00:51:30] DEBUG: RemoteVariableCollector: found variable MinAccessLevel (ns=5;s=ScrewingStation.Components.Storage.MethodSet.ImportStorageData.MinAccessLevel)
[2025-12-06 00:51:30] DEBUG: RemoteVariableCollector: found variable Base (ns=3;s=ScrewingStation.Components.Storage.Monitoring.SpatialObject.PositionFrame.Base)
[2025-12-06 00:51:30] DEBUG: RemoteVariableCollector: found variable Orientation (ns=3;s=ScrewingStation.Components.Storage.Monitoring.SpatialObject.PositionFrame.Orientation)
[2025-12-06 00:51:30] DEBUG: RemoteVariableCollector: found variable Position (ns=3;s=ScrewingStation.Components.Storage.Monitoring.SpatialObject.PositionFrame.Position)
[2025-12-06 00:51:30] DEBUG: RemoteVariableCollector: found variable Slot_1 (ns=3;s=ScrewingStation.Components.Storage.Monitoring.SpatialObject.AttachPoints.Slot_1)
[2025-12-06 00:51:30] DEBUG: RemoteVariableCollector: found variable Slot_2 (ns=3;s=ScrewingStation.Components.Storage.Monitoring.SpatialObject.AttachPoints.Slot_2)
[2025-12-06 00:51:30] DEBUG: RemoteVariableCollector: found variable Slot_3 (ns=3;s=ScrewingStation.Components.Storage.Monitoring.SpatialObject.AttachPoints.Slot_3)
[2025-12-06 00:51:30] DEBUG: RemoteVariableCollector: found variable Slot_4 (ns=3;s=ScrewingStation.Components.Storage.Monitoring.SpatialObject.AttachPoints.Slot_4)
[2025-12-06 00:51:30] DEBUG: RemoteVariableCollector: found variable CarrierID (ns=6;s=ScrewingStation.Components.Storage.Components.Slot_1.Monitoring.CarrierID)
[2025-12-06 00:51:30] DEBUG: RemoteVariableCollector: found variable ProductID (ns=6;s=ScrewingStation.Components.Storage.Components.Slot_1.Monitoring.ProductID)
[2025-12-06 00:51:30] DEBUG: RemoteVariableCollector: found variable IsSlotEmpty (ns=6;s=ScrewingStation.Components.Storage.Components.Slot_1.Monitoring.IsSlotEmpty)
[2025-12-06 00:51:30] DEBUG: RemoteVariableCollector: found variable IsCarrierEmpty (ns=6;s=ScrewingStation.Components.Storage.Components.Slot_1.Monitoring.IsCarrierEmpty)
[2025-12-06 00:51:30] DEBUG: RemoteVariableCollector: found variable CarrierType (ns=6;s=ScrewingStation.Components.Storage.Components.Slot_1.Monitoring.CarrierType)
[2025-12-06 00:51:30] DEBUG: RemoteVariableCollector: found variable ProductType (ns=6;s=ScrewingStation.Components.Storage.Components.Slot_1.Monitoring.ProductType)
[2025-12-06 00:51:30] DEBUG: RemoteVariableCollector: found variable CurrentState (ns=6;s=ScrewingStation.Components.Storage.Components.Slot_1.Monitoring.CurrentState)
[2025-12-06 00:51:30] DEBUG: RemoteVariableCollector: found variable Manufacturer (ns=6;s=ScrewingStation.Components.Storage.Components.Slot_1.Identification.Manufacturer)
[2025-12-06 00:51:30] DEBUG: RemoteVariableCollector: found variable SerialNumber (ns=6;s=ScrewingStation.Components.Storage.Components.Slot_1.Identification.SerialNumber)
[2025-12-06 00:51:30] DEBUG: RemoteVariableCollector: found variable AssetId (ns=6;s=ScrewingStation.Components.Storage.Components.Slot_1.Identification.AssetId)
[2025-12-06 00:51:30] DEBUG: RemoteVariableCollector: found variable ComponentName (ns=6;s=ScrewingStation.Components.Storage.Components.Slot_1.Identification.ComponentName)
[2025-12-06 00:51:30] DEBUG: RemoteVariableCollector: found variable CarrierID (ns=6;s=ScrewingStation.Components.Storage.Components.Slot_2.Monitoring.CarrierID)
[2025-12-06 00:51:30] DEBUG: RemoteVariableCollector: found variable ProductID (ns=6;s=ScrewingStation.Components.Storage.Components.Slot_2.Monitoring.ProductID)
[2025-12-06 00:51:30] DEBUG: RemoteVariableCollector: found variable IsSlotEmpty (ns=6;s=ScrewingStation.Components.Storage.Components.Slot_2.Monitoring.IsSlotEmpty)
[2025-12-06 00:51:30] DEBUG: RemoteVariableCollector: found variable IsCarrierEmpty (ns=6;s=ScrewingStation.Components.Storage.Components.Slot_2.Monitoring.IsCarrierEmpty)
[2025-12-06 00:51:30] DEBUG: RemoteVariableCollector: found variable CarrierType (ns=6;s=ScrewingStation.Components.Storage.Components.Slot_2.Monitoring.CarrierType)
[2025-12-06 00:51:30] DEBUG: RemoteVariableCollector: found variable ProductType (ns=6;s=ScrewingStation.Components.Storage.Components.Slot_2.Monitoring.ProductType)
[2025-12-06 00:51:30] DEBUG: RemoteVariableCollector: found variable CurrentState (ns=6;s=ScrewingStation.Components.Storage.Components.Slot_2.Monitoring.CurrentState)
[2025-12-06 00:51:30] DEBUG: RemoteVariableCollector: found variable Manufacturer (ns=6;s=ScrewingStation.Components.Storage.Components.Slot_2.Identification.Manufacturer)
[2025-12-06 00:51:30] DEBUG: RemoteVariableCollector: found variable SerialNumber (ns=6;s=ScrewingStation.Components.Storage.Components.Slot_2.Identification.SerialNumber)
[2025-12-06 00:51:30] DEBUG: RemoteVariableCollector: found variable AssetId (ns=6;s=ScrewingStation.Components.Storage.Components.Slot_2.Identification.AssetId)
[2025-12-06 00:51:30] DEBUG: RemoteVariableCollector: found variable ComponentName (ns=6;s=ScrewingStation.Components.Storage.Components.Slot_2.Identification.ComponentName)
[2025-12-06 00:51:30] INFO: RemoteModule 'ScrewingStation': added Skill 'Retrieve' to SkillSet and Methods
[2025-12-06 00:51:30] DEBUG: RemoteVariableCollector: found variable CarrierID (ns=6;s=ScrewingStation.Components.Storage.Components.Slot_3.Monitoring.CarrierID)
[2025-12-06 00:51:30] DEBUG: RemoteVariableCollector: found variable ProductID (ns=6;s=ScrewingStation.Components.Storage.Components.Slot_3.Monitoring.ProductID)
[2025-12-06 00:51:30] DEBUG: RemoteVariableCollector: found variable IsSlotEmpty (ns=6;s=ScrewingStation.Components.Storage.Components.Slot_3.Monitoring.IsSlotEmpty)
[2025-12-06 00:51:30] DEBUG: RemoteVariableCollector: found variable IsCarrierEmpty (ns=6;s=ScrewingStation.Components.Storage.Components.Slot_3.Monitoring.IsCarrierEmpty)
[2025-12-06 00:51:30] DEBUG: RemoteVariableCollector: found variable CarrierType (ns=6;s=ScrewingStation.Components.Storage.Components.Slot_3.Monitoring.CarrierType)
[2025-12-06 00:51:30] DEBUG: RemoteVariableCollector: found variable ProductType (ns=6;s=ScrewingStation.Components.Storage.Components.Slot_3.Monitoring.ProductType)
[2025-12-06 00:51:30] DEBUG: RemoteVariableCollector: found variable CurrentState (ns=6;s=ScrewingStation.Components.Storage.Components.Slot_3.Monitoring.CurrentState)
[2025-12-06 00:51:30] DEBUG: RemoteVariableCollector: found variable Manufacturer (ns=6;s=ScrewingStation.Components.Storage.Components.Slot_3.Identification.Manufacturer)
[2025-12-06 00:51:30] DEBUG: RemoteVariableCollector: found variable SerialNumber (ns=6;s=ScrewingStation.Components.Storage.Components.Slot_3.Identification.SerialNumber)
[2025-12-06 00:51:30] DEBUG: RemoteVariableCollector: found variable AssetId (ns=6;s=ScrewingStation.Components.Storage.Components.Slot_3.Identification.AssetId)
[2025-12-06 00:51:30] DEBUG: RemoteVariableCollector: found variable ComponentName (ns=6;s=ScrewingStation.Components.Storage.Components.Slot_3.Identification.ComponentName)
[2025-12-06 00:51:30] DEBUG: RemoteVariableCollector: found variable CarrierID (ns=6;s=ScrewingStation.Components.Storage.Components.Slot_4.Monitoring.CarrierID)
[2025-12-06 00:51:30] DEBUG: RemoteVariableCollector: found variable ProductID (ns=6;s=ScrewingStation.Components.Storage.Components.Slot_4.Monitoring.ProductID)
[2025-12-06 00:51:30] DEBUG: RemoteVariableCollector: found variable IsSlotEmpty (ns=6;s=ScrewingStation.Components.Storage.Components.Slot_4.Monitoring.IsSlotEmpty)
[2025-12-06 00:51:30] DEBUG: RemoteVariableCollector: found variable IsCarrierEmpty (ns=6;s=ScrewingStation.Components.Storage.Components.Slot_4.Monitoring.IsCarrierEmpty)
[2025-12-06 00:51:30] DEBUG: RemoteVariableCollector: found variable CarrierType (ns=6;s=ScrewingStation.Components.Storage.Components.Slot_4.Monitoring.CarrierType)
[2025-12-06 00:51:30] DEBUG: RemoteVariableCollector: found variable ProductType (ns=6;s=ScrewingStation.Components.Storage.Components.Slot_4.Monitoring.ProductType)
[2025-12-06 00:51:30] DEBUG: RemoteVariableCollector: found variable CurrentState (ns=6;s=ScrewingStation.Components.Storage.Components.Slot_4.Monitoring.CurrentState)
[2025-12-06 00:51:30] DEBUG: RemoteVariableCollector: found variable Manufacturer (ns=6;s=ScrewingStation.Components.Storage.Components.Slot_4.Identification.Manufacturer)
[2025-12-06 00:51:30] DEBUG: RemoteVariableCollector: found variable SerialNumber (ns=6;s=ScrewingStation.Components.Storage.Components.Slot_4.Identification.SerialNumber)
[2025-12-06 00:51:30] DEBUG: RemoteVariableCollector: found variable AssetId (ns=6;s=ScrewingStation.Components.Storage.Components.Slot_4.Identification.AssetId)
[2025-12-06 00:51:30] DEBUG: RemoteVariableCollector: found variable ComponentName (ns=6;s=ScrewingStation.Components.Storage.Components.Slot_4.Identification.ComponentName)
[2025-12-06 00:51:30] DEBUG: RemoteVariableCollector: found variable ProductType (ns=6;s=ScrewingStation.Components.Storage.MethodSet.WriteStorageInfo.ParameterSet.ProductType)
[2025-12-06 00:51:30] DEBUG: RemoteVariableCollector: found variable ProductID (ns=6;s=ScrewingStation.Components.Storage.MethodSet.WriteStorageInfo.ParameterSet.ProductID)
[2025-12-06 00:51:30] DEBUG: RemoteVariableCollector: found variable CarrierID (ns=6;s=ScrewingStation.Components.Storage.MethodSet.WriteStorageInfo.ParameterSet.CarrierID)
[2025-12-06 00:51:30] DEBUG: RemoteVariableCollector: found variable SlotID (ns=6;s=ScrewingStation.Components.Storage.MethodSet.WriteStorageInfo.ParameterSet.SlotID)
[2025-12-06 00:51:30] DEBUG: RemoteVariableCollector: found variable IsRunning (ns=5;s=ScrewingStation.Components.Storage.MethodSet.WriteStorageInfo.Monitoring.IsRunning)
[2025-12-06 00:51:30] DEBUG: RemoteVariableCollector: found variable SlotID (ns=6;s=ScrewingStation.Components.Storage.MethodSet.EmptySlot.ParameterSet.SlotID)
[2025-12-06 00:51:30] DEBUG: RemoteVariableCollector: found variable IsRunning (ns=5;s=ScrewingStation.Components.Storage.MethodSet.EmptySlot.Monitoring.IsRunning)
[2025-12-06 00:51:30] DEBUG: RemoteVariableCollector: found variable JsonExport (ns=6;s=ScrewingStation.Components.Storage.MethodSet.ExportStorageData.FinalResultData.JsonExport)
[2025-12-06 00:51:30] INFO: RemoteModule 'ScrewingStation': added Skill 'Screw' to SkillSet and Methods
[2025-12-06 00:51:30] DEBUG: RemoteVariableCollector: found variable IsRunning (ns=5;s=ScrewingStation.Components.Storage.MethodSet.ExportStorageData.Monitoring.IsRunning)
[2025-12-06 00:51:30] DEBUG: RemoteVariableCollector: found variable JsonImport (ns=6;s=ScrewingStation.Components.Storage.MethodSet.ImportStorageData.ParameterSet.JsonImport)
[2025-12-06 00:51:30] DEBUG: RemoteVariableCollector: found variable IsRunning (ns=5;s=ScrewingStation.Components.Storage.MethodSet.ImportStorageData.Monitoring.IsRunning)
[2025-12-06 00:51:30] DEBUG: RemoteVariableCollector: found variable A (ns=3;s=ScrewingStation.Components.Storage.Monitoring.SpatialObject.PositionFrame.Orientation.A)
[2025-12-06 00:51:30] DEBUG: RemoteVariableCollector: found variable AngleUnit (ns=3;s=ScrewingStation.Components.Storage.Monitoring.SpatialObject.PositionFrame.Orientation.AngleUnit)
[2025-12-06 00:51:30] DEBUG: RemoteVariableCollector: found variable B (ns=3;s=ScrewingStation.Components.Storage.Monitoring.SpatialObject.PositionFrame.Orientation.B)
[2025-12-06 00:51:30] DEBUG: RemoteVariableCollector: found variable C (ns=3;s=ScrewingStation.Components.Storage.Monitoring.SpatialObject.PositionFrame.Orientation.C)
[2025-12-06 00:51:30] DEBUG: RemoteVariableCollector: found variable LengthUnit (ns=3;s=ScrewingStation.Components.Storage.Monitoring.SpatialObject.PositionFrame.Position.LengthUnit)
[2025-12-06 00:51:30] DEBUG: RemoteVariableCollector: found variable X (ns=3;s=ScrewingStation.Components.Storage.Monitoring.SpatialObject.PositionFrame.Position.X)
[2025-12-06 00:51:30] DEBUG: RemoteVariableCollector: found variable Y (ns=3;s=ScrewingStation.Components.Storage.Monitoring.SpatialObject.PositionFrame.Position.Y)
[2025-12-06 00:51:30] DEBUG: RemoteVariableCollector: found variable Z (ns=3;s=ScrewingStation.Components.Storage.Monitoring.SpatialObject.PositionFrame.Position.Z)
[2025-12-06 00:51:30] DEBUG: RemoteVariableCollector: found variable Base (ns=3;s=ScrewingStation.Components.Storage.Monitoring.SpatialObject.AttachPoints.Slot_1.Base)
[2025-12-06 00:51:30] DEBUG: RemoteVariableCollector: found variable Orientation (ns=3;s=ScrewingStation.Components.Storage.Monitoring.SpatialObject.AttachPoints.Slot_1.Orientation)
[2025-12-06 00:51:30] DEBUG: RemoteVariableCollector: found variable Position (ns=3;s=ScrewingStation.Components.Storage.Monitoring.SpatialObject.AttachPoints.Slot_1.Position)
[2025-12-06 00:51:30] DEBUG: RemoteVariableCollector: found variable Base (ns=3;s=ScrewingStation.Components.Storage.Monitoring.SpatialObject.AttachPoints.Slot_2.Base)
[2025-12-06 00:51:30] DEBUG: RemoteVariableCollector: found variable Orientation (ns=3;s=ScrewingStation.Components.Storage.Monitoring.SpatialObject.AttachPoints.Slot_2.Orientation)
[2025-12-06 00:51:30] DEBUG: RemoteVariableCollector: found variable Position (ns=3;s=ScrewingStation.Components.Storage.Monitoring.SpatialObject.AttachPoints.Slot_2.Position)
[2025-12-06 00:51:30] DEBUG: RemoteVariableCollector: found variable Base (ns=3;s=ScrewingStation.Components.Storage.Monitoring.SpatialObject.AttachPoints.Slot_3.Base)
[2025-12-06 00:51:30] DEBUG: RemoteVariableCollector: found variable Orientation (ns=3;s=ScrewingStation.Components.Storage.Monitoring.SpatialObject.AttachPoints.Slot_3.Orientation)
[2025-12-06 00:51:30] DEBUG: RemoteVariableCollector: found variable Position (ns=3;s=ScrewingStation.Components.Storage.Monitoring.SpatialObject.AttachPoints.Slot_3.Position)
[2025-12-06 00:51:30] DEBUG: RemoteVariableCollector: found variable Base (ns=3;s=ScrewingStation.Components.Storage.Monitoring.SpatialObject.AttachPoints.Slot_4.Base)
[2025-12-06 00:51:30] DEBUG: RemoteVariableCollector: found variable Orientation (ns=3;s=ScrewingStation.Components.Storage.Monitoring.SpatialObject.AttachPoints.Slot_4.Orientation)
[2025-12-06 00:51:30] DEBUG: RemoteVariableCollector: found variable Position (ns=3;s=ScrewingStation.Components.Storage.Monitoring.SpatialObject.AttachPoints.Slot_4.Position)
[2025-12-06 00:51:30] DEBUG: RemoteVariableCollector: found variable A (ns=3;s=ScrewingStation.Components.Storage.Monitoring.SpatialObject.AttachPoints.Slot_1.Orientation.A)
[2025-12-06 00:51:30] DEBUG: RemoteVariableCollector: found variable AngleUnit (ns=3;s=ScrewingStation.Components.Storage.Monitoring.SpatialObject.AttachPoints.Slot_1.Orientation.AngleUnit)
[2025-12-06 00:51:30] DEBUG: RemoteVariableCollector: found variable B (ns=3;s=ScrewingStation.Components.Storage.Monitoring.SpatialObject.AttachPoints.Slot_1.Orientation.B)
[2025-12-06 00:51:30] DEBUG: RemoteVariableCollector: found variable C (ns=3;s=ScrewingStation.Components.Storage.Monitoring.SpatialObject.AttachPoints.Slot_1.Orientation.C)
[2025-12-06 00:51:30] DEBUG: RemoteVariableCollector: found variable LengthUnit (ns=3;s=ScrewingStation.Components.Storage.Monitoring.SpatialObject.AttachPoints.Slot_1.Position.LengthUnit)
[2025-12-06 00:51:30] DEBUG: RemoteVariableCollector: found variable X (ns=3;s=ScrewingStation.Components.Storage.Monitoring.SpatialObject.AttachPoints.Slot_1.Position.X)
[2025-12-06 00:51:30] DEBUG: RemoteVariableCollector: found variable Y (ns=3;s=ScrewingStation.Components.Storage.Monitoring.SpatialObject.AttachPoints.Slot_1.Position.Y)
[2025-12-06 00:51:30] DEBUG: RemoteVariableCollector: found variable Z (ns=3;s=ScrewingStation.Components.Storage.Monitoring.SpatialObject.AttachPoints.Slot_1.Position.Z)
[2025-12-06 00:51:30] DEBUG: RemoteVariableCollector: found variable A (ns=3;s=ScrewingStation.Components.Storage.Monitoring.SpatialObject.AttachPoints.Slot_2.Orientation.A)
[2025-12-06 00:51:30] DEBUG: RemoteVariableCollector: found variable AngleUnit (ns=3;s=ScrewingStation.Components.Storage.Monitoring.SpatialObject.AttachPoints.Slot_2.Orientation.AngleUnit)
[2025-12-06 00:51:30] DEBUG: RemoteVariableCollector: found variable B (ns=3;s=ScrewingStation.Components.Storage.Monitoring.SpatialObject.AttachPoints.Slot_2.Orientation.B)
[2025-12-06 00:51:30] DEBUG: RemoteVariableCollector: found variable C (ns=3;s=ScrewingStation.Components.Storage.Monitoring.SpatialObject.AttachPoints.Slot_2.Orientation.C)
[2025-12-06 00:51:30] DEBUG: RemoteVariableCollector: found variable LengthUnit (ns=3;s=ScrewingStation.Components.Storage.Monitoring.SpatialObject.AttachPoints.Slot_2.Position.LengthUnit)
[2025-12-06 00:51:30] DEBUG: RemoteVariableCollector: found variable X (ns=3;s=ScrewingStation.Components.Storage.Monitoring.SpatialObject.AttachPoints.Slot_2.Position.X)
[2025-12-06 00:51:30] DEBUG: RemoteVariableCollector: found variable Y (ns=3;s=ScrewingStation.Components.Storage.Monitoring.SpatialObject.AttachPoints.Slot_2.Position.Y)
[2025-12-06 00:51:30] DEBUG: RemoteVariableCollector: found variable Z (ns=3;s=ScrewingStation.Components.Storage.Monitoring.SpatialObject.AttachPoints.Slot_2.Position.Z)
[2025-12-06 00:51:30] DEBUG: RemoteVariableCollector: found variable A (ns=3;s=ScrewingStation.Components.Storage.Monitoring.SpatialObject.AttachPoints.Slot_3.Orientation.A)
[2025-12-06 00:51:30] DEBUG: RemoteVariableCollector: found variable AngleUnit (ns=3;s=ScrewingStation.Components.Storage.Monitoring.SpatialObject.AttachPoints.Slot_3.Orientation.AngleUnit)
[2025-12-06 00:51:30] DEBUG: RemoteVariableCollector: found variable B (ns=3;s=ScrewingStation.Components.Storage.Monitoring.SpatialObject.AttachPoints.Slot_3.Orientation.B)
[2025-12-06 00:51:30] DEBUG: RemoteVariableCollector: found variable C (ns=3;s=ScrewingStation.Components.Storage.Monitoring.SpatialObject.AttachPoints.Slot_3.Orientation.C)
[2025-12-06 00:51:30] DEBUG: RemoteVariableCollector: found variable LengthUnit (ns=3;s=ScrewingStation.Components.Storage.Monitoring.SpatialObject.AttachPoints.Slot_3.Position.LengthUnit)
[2025-12-06 00:51:30] DEBUG: RemoteVariableCollector: found variable X (ns=3;s=ScrewingStation.Components.Storage.Monitoring.SpatialObject.AttachPoints.Slot_3.Position.X)
[2025-12-06 00:51:30] DEBUG: RemoteVariableCollector: found variable Y (ns=3;s=ScrewingStation.Components.Storage.Monitoring.SpatialObject.AttachPoints.Slot_3.Position.Y)
[2025-12-06 00:51:30] DEBUG: RemoteVariableCollector: found variable Z (ns=3;s=ScrewingStation.Components.Storage.Monitoring.SpatialObject.AttachPoints.Slot_3.Position.Z)
[2025-12-06 00:51:30] DEBUG: RemoteVariableCollector: found variable A (ns=3;s=ScrewingStation.Components.Storage.Monitoring.SpatialObject.AttachPoints.Slot_4.Orientation.A)
[2025-12-06 00:51:30] DEBUG: RemoteVariableCollector: found variable AngleUnit (ns=3;s=ScrewingStation.Components.Storage.Monitoring.SpatialObject.AttachPoints.Slot_4.Orientation.AngleUnit)
[2025-12-06 00:51:30] DEBUG: RemoteVariableCollector: found variable B (ns=3;s=ScrewingStation.Components.Storage.Monitoring.SpatialObject.AttachPoints.Slot_4.Orientation.B)
[2025-12-06 00:51:30] DEBUG: RemoteVariableCollector: found variable C (ns=3;s=ScrewingStation.Components.Storage.Monitoring.SpatialObject.AttachPoints.Slot_4.Orientation.C)
[2025-12-06 00:51:30] DEBUG: RemoteVariableCollector: found variable LengthUnit (ns=3;s=ScrewingStation.Components.Storage.Monitoring.SpatialObject.AttachPoints.Slot_4.Position.LengthUnit)
[2025-12-06 00:51:30] DEBUG: RemoteVariableCollector: found variable X (ns=3;s=ScrewingStation.Components.Storage.Monitoring.SpatialObject.AttachPoints.Slot_4.Position.X)
[2025-12-06 00:51:30] DEBUG: RemoteVariableCollector: found variable Y (ns=3;s=ScrewingStation.Components.Storage.Monitoring.SpatialObject.AttachPoints.Slot_4.Position.Y)
[2025-12-06 00:51:30] DEBUG: RemoteVariableCollector: found variable Z (ns=3;s=ScrewingStation.Components.Storage.Monitoring.SpatialObject.AttachPoints.Slot_4.Position.Z)
[2025-12-06 00:51:30] INFO: RemoteVariableCollector: traversal complete. variables-added=132, skipped-non-variable=43, read-failures=0, total-visited=176
[2025-12-06 00:51:30] DEBUG: RemoteVariableCollector: found variable CarrierID (ns=6;s=ScrewingStation.Components.Storage.Components.Slot_1.Monitoring.CarrierID)
[2025-12-06 00:51:30] DEBUG: RemoteVariableCollector: found variable ProductID (ns=6;s=ScrewingStation.Components.Storage.Components.Slot_1.Monitoring.ProductID)
[2025-12-06 00:51:30] DEBUG: RemoteVariableCollector: found variable IsSlotEmpty (ns=6;s=ScrewingStation.Components.Storage.Components.Slot_1.Monitoring.IsSlotEmpty)
[2025-12-06 00:51:30] DEBUG: RemoteVariableCollector: found variable IsCarrierEmpty (ns=6;s=ScrewingStation.Components.Storage.Components.Slot_1.Monitoring.IsCarrierEmpty)
[2025-12-06 00:51:30] DEBUG: RemoteVariableCollector: found variable CarrierType (ns=6;s=ScrewingStation.Components.Storage.Components.Slot_1.Monitoring.CarrierType)
[2025-12-06 00:51:30] DEBUG: RemoteVariableCollector: found variable ProductType (ns=6;s=ScrewingStation.Components.Storage.Components.Slot_1.Monitoring.ProductType)
[2025-12-06 00:51:30] DEBUG: RemoteVariableCollector: found variable CurrentState (ns=6;s=ScrewingStation.Components.Storage.Components.Slot_1.Monitoring.CurrentState)
[2025-12-06 00:51:30] DEBUG: RemoteVariableCollector: found variable Manufacturer (ns=6;s=ScrewingStation.Components.Storage.Components.Slot_1.Identification.Manufacturer)
[2025-12-06 00:51:30] DEBUG: RemoteVariableCollector: found variable SerialNumber (ns=6;s=ScrewingStation.Components.Storage.Components.Slot_1.Identification.SerialNumber)
[2025-12-06 00:51:30] DEBUG: RemoteVariableCollector: found variable AssetId (ns=6;s=ScrewingStation.Components.Storage.Components.Slot_1.Identification.AssetId)
[2025-12-06 00:51:30] DEBUG: RemoteVariableCollector: found variable ComponentName (ns=6;s=ScrewingStation.Components.Storage.Components.Slot_1.Identification.ComponentName)
[2025-12-06 00:51:30] INFO: RemoteVariableCollector: traversal complete. variables-added=11, skipped-non-variable=2, read-failures=0, total-visited=14
[2025-12-06 00:51:30] DEBUG: RemoteVariableCollector: found variable CarrierID (ns=6;s=ScrewingStation.Components.Storage.Components.Slot_2.Monitoring.CarrierID)
[2025-12-06 00:51:30] DEBUG: RemoteVariableCollector: found variable ProductID (ns=6;s=ScrewingStation.Components.Storage.Components.Slot_2.Monitoring.ProductID)
[2025-12-06 00:51:30] DEBUG: RemoteVariableCollector: found variable IsSlotEmpty (ns=6;s=ScrewingStation.Components.Storage.Components.Slot_2.Monitoring.IsSlotEmpty)
[2025-12-06 00:51:30] DEBUG: RemoteVariableCollector: found variable IsCarrierEmpty (ns=6;s=ScrewingStation.Components.Storage.Components.Slot_2.Monitoring.IsCarrierEmpty)
[2025-12-06 00:51:30] DEBUG: RemoteVariableCollector: found variable CarrierType (ns=6;s=ScrewingStation.Components.Storage.Components.Slot_2.Monitoring.CarrierType)
[2025-12-06 00:51:30] DEBUG: RemoteVariableCollector: found variable ProductType (ns=6;s=ScrewingStation.Components.Storage.Components.Slot_2.Monitoring.ProductType)
[2025-12-06 00:51:30] DEBUG: RemoteVariableCollector: found variable CurrentState (ns=6;s=ScrewingStation.Components.Storage.Components.Slot_2.Monitoring.CurrentState)
[2025-12-06 00:51:30] DEBUG: RemoteVariableCollector: found variable Manufacturer (ns=6;s=ScrewingStation.Components.Storage.Components.Slot_2.Identification.Manufacturer)
[2025-12-06 00:51:30] DEBUG: RemoteVariableCollector: found variable SerialNumber (ns=6;s=ScrewingStation.Components.Storage.Components.Slot_2.Identification.SerialNumber)
[2025-12-06 00:51:30] DEBUG: RemoteVariableCollector: found variable AssetId (ns=6;s=ScrewingStation.Components.Storage.Components.Slot_2.Identification.AssetId)
[2025-12-06 00:51:30] DEBUG: RemoteVariableCollector: found variable ComponentName (ns=6;s=ScrewingStation.Components.Storage.Components.Slot_2.Identification.ComponentName)
[2025-12-06 00:51:30] INFO: RemoteVariableCollector: traversal complete. variables-added=11, skipped-non-variable=2, read-failures=0, total-visited=14
[2025-12-06 00:51:30] DEBUG: RemoteVariableCollector: found variable CarrierID (ns=6;s=ScrewingStation.Components.Storage.Components.Slot_3.Monitoring.CarrierID)
[2025-12-06 00:51:30] DEBUG: RemoteVariableCollector: found variable ProductID (ns=6;s=ScrewingStation.Components.Storage.Components.Slot_3.Monitoring.ProductID)
[2025-12-06 00:51:30] DEBUG: RemoteVariableCollector: found variable IsSlotEmpty (ns=6;s=ScrewingStation.Components.Storage.Components.Slot_3.Monitoring.IsSlotEmpty)
[2025-12-06 00:51:30] DEBUG: RemoteVariableCollector: found variable IsCarrierEmpty (ns=6;s=ScrewingStation.Components.Storage.Components.Slot_3.Monitoring.IsCarrierEmpty)
[2025-12-06 00:51:30] DEBUG: RemoteVariableCollector: found variable CarrierType (ns=6;s=ScrewingStation.Components.Storage.Components.Slot_3.Monitoring.CarrierType)
[2025-12-06 00:51:30] DEBUG: RemoteVariableCollector: found variable ProductType (ns=6;s=ScrewingStation.Components.Storage.Components.Slot_3.Monitoring.ProductType)
[2025-12-06 00:51:30] DEBUG: RemoteVariableCollector: found variable CurrentState (ns=6;s=ScrewingStation.Components.Storage.Components.Slot_3.Monitoring.CurrentState)
[2025-12-06 00:51:30] DEBUG: RemoteVariableCollector: found variable Manufacturer (ns=6;s=ScrewingStation.Components.Storage.Components.Slot_3.Identification.Manufacturer)
[2025-12-06 00:51:30] DEBUG: RemoteVariableCollector: found variable SerialNumber (ns=6;s=ScrewingStation.Components.Storage.Components.Slot_3.Identification.SerialNumber)
[2025-12-06 00:51:30] DEBUG: RemoteVariableCollector: found variable AssetId (ns=6;s=ScrewingStation.Components.Storage.Components.Slot_3.Identification.AssetId)
[2025-12-06 00:51:30] DEBUG: RemoteVariableCollector: found variable ComponentName (ns=6;s=ScrewingStation.Components.Storage.Components.Slot_3.Identification.ComponentName)
[2025-12-06 00:51:30] INFO: RemoteVariableCollector: traversal complete. variables-added=11, skipped-non-variable=2, read-failures=0, total-visited=14
[2025-12-06 00:51:30] DEBUG: RemoteVariableCollector: found variable CarrierID (ns=6;s=ScrewingStation.Components.Storage.Components.Slot_4.Monitoring.CarrierID)
[2025-12-06 00:51:30] DEBUG: RemoteVariableCollector: found variable ProductID (ns=6;s=ScrewingStation.Components.Storage.Components.Slot_4.Monitoring.ProductID)
[2025-12-06 00:51:30] DEBUG: RemoteVariableCollector: found variable IsSlotEmpty (ns=6;s=ScrewingStation.Components.Storage.Components.Slot_4.Monitoring.IsSlotEmpty)
[2025-12-06 00:51:30] DEBUG: RemoteVariableCollector: found variable IsCarrierEmpty (ns=6;s=ScrewingStation.Components.Storage.Components.Slot_4.Monitoring.IsCarrierEmpty)
[2025-12-06 00:51:30] DEBUG: RemoteVariableCollector: found variable CarrierType (ns=6;s=ScrewingStation.Components.Storage.Components.Slot_4.Monitoring.CarrierType)
[2025-12-06 00:51:30] DEBUG: RemoteVariableCollector: found variable ProductType (ns=6;s=ScrewingStation.Components.Storage.Components.Slot_4.Monitoring.ProductType)
[2025-12-06 00:51:30] DEBUG: RemoteVariableCollector: found variable CurrentState (ns=6;s=ScrewingStation.Components.Storage.Components.Slot_4.Monitoring.CurrentState)
[2025-12-06 00:51:30] DEBUG: RemoteVariableCollector: found variable Manufacturer (ns=6;s=ScrewingStation.Components.Storage.Components.Slot_4.Identification.Manufacturer)
[2025-12-06 00:51:30] DEBUG: RemoteVariableCollector: found variable SerialNumber (ns=6;s=ScrewingStation.Components.Storage.Components.Slot_4.Identification.SerialNumber)
[2025-12-06 00:51:30] DEBUG: RemoteVariableCollector: found variable AssetId (ns=6;s=ScrewingStation.Components.Storage.Components.Slot_4.Identification.AssetId)
[2025-12-06 00:51:30] DEBUG: RemoteVariableCollector: found variable ComponentName (ns=6;s=ScrewingStation.Components.Storage.Components.Slot_4.Identification.ComponentName)
[2025-12-06 00:51:30] INFO: RemoteVariableCollector: traversal complete. variables-added=11, skipped-non-variable=2, read-failures=0, total-visited=14
[2025-12-06 00:51:30] INFO: RemoteModule 'ScrewingStation': added Storage from MachineComponents 'Storage'
[2025-12-06 00:51:30] INFO: RemoteModule 'ScrewingStation': added Component from MachineComponents 'DockingStation'
[2025-12-06 00:51:30] DEBUG: RemoteVariableCollector: found variable SafetyNotTriggered (ns=6;s=ScrewingStation.Components.ModuleSafety.Monitoring.SafetyNotTriggered)
[2025-12-06 00:51:30] DEBUG: RemoteVariableCollector: found variable EmergencyStopNotTriggered (ns=6;s=ScrewingStation.Components.ModuleSafety.Monitoring.EmergencyStopNotTriggered)
[2025-12-06 00:51:30] DEBUG: RemoteVariableCollector: found variable EmergencyStopAcknowledgeRequired (ns=6;s=ScrewingStation.Components.ModuleSafety.Monitoring.EmergencyStopAcknowledgeRequired)
[2025-12-06 00:51:30] DEBUG: RemoteVariableCollector: found variable SafetyDeviceDiagnosticsNotTriggered (ns=6;s=ScrewingStation.Components.ModuleSafety.Monitoring.SafetyDeviceDiagnosticsNotTriggered)
[2025-12-06 00:51:30] DEBUG: RemoteVariableCollector: found variable Manufacturer (ns=6;s=ScrewingStation.Components.ModuleSafety.Identification.Manufacturer)
[2025-12-06 00:51:30] DEBUG: RemoteVariableCollector: found variable SerialNumber (ns=6;s=ScrewingStation.Components.ModuleSafety.Identification.SerialNumber)
[2025-12-06 00:51:30] DEBUG: RemoteVariableCollector: found variable AssetId (ns=6;s=ScrewingStation.Components.ModuleSafety.Identification.AssetId)
[2025-12-06 00:51:30] DEBUG: RemoteVariableCollector: found variable ComponentName (ns=6;s=ScrewingStation.Components.ModuleSafety.Identification.ComponentName)
[2025-12-06 00:51:30] INFO: RemoteVariableCollector: traversal complete. variables-added=4, skipped-non-variable=0, read-failures=0, total-visited=5
[2025-12-06 00:51:30] INFO: RemoteVariableCollector: traversal complete. variables-added=4, skipped-non-variable=0, read-failures=0, total-visited=5
[2025-12-06 00:51:30] DEBUG: RemoteVariableCollector: found variable StorageSlotCount (ns=6;s=ScrewingStation.Components.Storage.Attributes.StorageSlotCount)
[2025-12-06 00:51:30] DEBUG: RemoteVariableCollector: found variable FreeStorageSlotCount (ns=6;s=ScrewingStation.Components.Storage.Monitoring.FreeStorageSlotCount)
[2025-12-06 00:51:30] DEBUG: RemoteVariableCollector: found variable Manufacturer (ns=6;s=ScrewingStation.Components.Storage.Identification.Manufacturer)
[2025-12-06 00:51:30] DEBUG: RemoteVariableCollector: found variable SerialNumber (ns=6;s=ScrewingStation.Components.Storage.Identification.SerialNumber)
[2025-12-06 00:51:30] DEBUG: RemoteVariableCollector: found variable AssetId (ns=6;s=ScrewingStation.Components.Storage.Identification.AssetId)
[2025-12-06 00:51:30] DEBUG: RemoteVariableCollector: found variable ComponentName (ns=6;s=ScrewingStation.Components.Storage.Identification.ComponentName)
[2025-12-06 00:51:30] INFO: RemoteVariableCollector: traversal complete. variables-added=1, skipped-non-variable=0, read-failures=0, total-visited=2
[2025-12-06 00:51:30] DEBUG: RemoteVariableCollector: found variable EURange (ns=6;s=ScrewingStation.Components.Storage.Monitoring.FreeStorageSlotCount.EURange)
[2025-12-06 00:51:30] DEBUG: RemoteVariableCollector: skipping property-like variable 'EURange' (ns=6;s=ScrewingStation.Components.Storage.Monitoring.FreeStorageSlotCount.EURange)
[2025-12-06 00:51:30] DEBUG: RemoteVariableCollector: found variable EngineeringUnits (ns=6;s=ScrewingStation.Components.Storage.Monitoring.FreeStorageSlotCount.EngineeringUnits)
[2025-12-06 00:51:30] DEBUG: RemoteVariableCollector: skipping property-like variable 'EngineeringUnits' (ns=6;s=ScrewingStation.Components.Storage.Monitoring.FreeStorageSlotCount.EngineeringUnits)
[2025-12-06 00:51:30] DEBUG: RemoteVariableCollector: found variable PositionFrame (ns=3;s=ScrewingStation.Components.Storage.Monitoring.SpatialObject.PositionFrame)
[2025-12-06 00:51:30] DEBUG: RemoteVariableCollector: found variable CarrierID (ns=6;s=ScrewingStation.Components.Storage.Components.Slot_3.Monitoring.CarrierID)
[2025-12-06 00:51:30] DEBUG: RemoteVariableCollector: found variable ProductID (ns=6;s=ScrewingStation.Components.Storage.Components.Slot_3.Monitoring.ProductID)
[2025-12-06 00:51:30] DEBUG: RemoteVariableCollector: found variable IsSlotEmpty (ns=6;s=ScrewingStation.Components.Storage.Components.Slot_3.Monitoring.IsSlotEmpty)
[2025-12-06 00:51:30] DEBUG: RemoteVariableCollector: found variable IsCarrierEmpty (ns=6;s=ScrewingStation.Components.Storage.Components.Slot_3.Monitoring.IsCarrierEmpty)
[2025-12-06 00:51:30] DEBUG: RemoteVariableCollector: found variable CarrierType (ns=6;s=ScrewingStation.Components.Storage.Components.Slot_3.Monitoring.CarrierType)
[2025-12-06 00:51:30] DEBUG: RemoteVariableCollector: found variable ProductType (ns=6;s=ScrewingStation.Components.Storage.Components.Slot_3.Monitoring.ProductType)
[2025-12-06 00:51:30] DEBUG: RemoteVariableCollector: found variable CurrentState (ns=6;s=ScrewingStation.Components.Storage.Components.Slot_3.Monitoring.CurrentState)
[2025-12-06 00:51:30] DEBUG: RemoteVariableCollector: found variable Manufacturer (ns=6;s=ScrewingStation.Components.Storage.Components.Slot_3.Identification.Manufacturer)
[2025-12-06 00:51:30] DEBUG: RemoteVariableCollector: found variable SerialNumber (ns=6;s=ScrewingStation.Components.Storage.Components.Slot_3.Identification.SerialNumber)
[2025-12-06 00:51:30] DEBUG: RemoteVariableCollector: found variable AssetId (ns=6;s=ScrewingStation.Components.Storage.Components.Slot_3.Identification.AssetId)
[2025-12-06 00:51:30] DEBUG: RemoteVariableCollector: found variable ComponentName (ns=6;s=ScrewingStation.Components.Storage.Components.Slot_3.Identification.ComponentName)
[2025-12-06 00:51:30] DEBUG: RemoteVariableCollector: found variable CarrierID (ns=6;s=ScrewingStation.Components.Storage.Components.Slot_4.Monitoring.CarrierID)
[2025-12-06 00:51:30] DEBUG: RemoteVariableCollector: found variable ProductID (ns=6;s=ScrewingStation.Components.Storage.Components.Slot_4.Monitoring.ProductID)
[2025-12-06 00:51:30] DEBUG: RemoteVariableCollector: found variable IsSlotEmpty (ns=6;s=ScrewingStation.Components.Storage.Components.Slot_4.Monitoring.IsSlotEmpty)
[2025-12-06 00:51:30] DEBUG: RemoteVariableCollector: found variable IsCarrierEmpty (ns=6;s=ScrewingStation.Components.Storage.Components.Slot_4.Monitoring.IsCarrierEmpty)
[2025-12-06 00:51:30] DEBUG: RemoteVariableCollector: found variable CarrierType (ns=6;s=ScrewingStation.Components.Storage.Components.Slot_4.Monitoring.CarrierType)
[2025-12-06 00:51:30] DEBUG: RemoteVariableCollector: found variable ProductType (ns=6;s=ScrewingStation.Components.Storage.Components.Slot_4.Monitoring.ProductType)
[2025-12-06 00:51:30] DEBUG: RemoteVariableCollector: found variable CurrentState (ns=6;s=ScrewingStation.Components.Storage.Components.Slot_4.Monitoring.CurrentState)
[2025-12-06 00:51:30] DEBUG: RemoteVariableCollector: found variable Manufacturer (ns=6;s=ScrewingStation.Components.Storage.Components.Slot_4.Identification.Manufacturer)
[2025-12-06 00:51:30] DEBUG: RemoteVariableCollector: found variable SerialNumber (ns=6;s=ScrewingStation.Components.Storage.Components.Slot_4.Identification.SerialNumber)
[2025-12-06 00:51:30] DEBUG: RemoteVariableCollector: found variable AssetId (ns=6;s=ScrewingStation.Components.Storage.Components.Slot_4.Identification.AssetId)
[2025-12-06 00:51:30] DEBUG: RemoteVariableCollector: found variable ComponentName (ns=6;s=ScrewingStation.Components.Storage.Components.Slot_4.Identification.ComponentName)
[2025-12-06 00:51:30] DEBUG: RemoteVariableCollector: found variable CarrierID (ns=6;s=ScrewingStation.Components.Storage.Components.Slot_1.Monitoring.CarrierID)
[2025-12-06 00:51:30] DEBUG: RemoteVariableCollector: found variable ProductID (ns=6;s=ScrewingStation.Components.Storage.Components.Slot_1.Monitoring.ProductID)
[2025-12-06 00:51:30] DEBUG: RemoteVariableCollector: found variable IsSlotEmpty (ns=6;s=ScrewingStation.Components.Storage.Components.Slot_1.Monitoring.IsSlotEmpty)
[2025-12-06 00:51:30] DEBUG: RemoteVariableCollector: found variable IsCarrierEmpty (ns=6;s=ScrewingStation.Components.Storage.Components.Slot_1.Monitoring.IsCarrierEmpty)
[2025-12-06 00:51:30] DEBUG: RemoteVariableCollector: found variable CarrierType (ns=6;s=ScrewingStation.Components.Storage.Components.Slot_1.Monitoring.CarrierType)
[2025-12-06 00:51:30] DEBUG: RemoteVariableCollector: found variable ProductType (ns=6;s=ScrewingStation.Components.Storage.Components.Slot_1.Monitoring.ProductType)
[2025-12-06 00:51:30] DEBUG: RemoteVariableCollector: found variable CurrentState (ns=6;s=ScrewingStation.Components.Storage.Components.Slot_1.Monitoring.CurrentState)
[2025-12-06 00:51:30] DEBUG: RemoteVariableCollector: found variable Manufacturer (ns=6;s=ScrewingStation.Components.Storage.Components.Slot_1.Identification.Manufacturer)
[2025-12-06 00:51:30] DEBUG: RemoteVariableCollector: found variable SerialNumber (ns=6;s=ScrewingStation.Components.Storage.Components.Slot_1.Identification.SerialNumber)
[2025-12-06 00:51:30] DEBUG: RemoteVariableCollector: found variable AssetId (ns=6;s=ScrewingStation.Components.Storage.Components.Slot_1.Identification.AssetId)
[2025-12-06 00:51:30] DEBUG: RemoteVariableCollector: found variable ComponentName (ns=6;s=ScrewingStation.Components.Storage.Components.Slot_1.Identification.ComponentName)
[2025-12-06 00:51:30] DEBUG: RemoteVariableCollector: found variable CarrierID (ns=6;s=ScrewingStation.Components.Storage.Components.Slot_2.Monitoring.CarrierID)
[2025-12-06 00:51:30] DEBUG: RemoteVariableCollector: found variable ProductID (ns=6;s=ScrewingStation.Components.Storage.Components.Slot_2.Monitoring.ProductID)
[2025-12-06 00:51:30] DEBUG: RemoteVariableCollector: found variable IsSlotEmpty (ns=6;s=ScrewingStation.Components.Storage.Components.Slot_2.Monitoring.IsSlotEmpty)
[2025-12-06 00:51:30] DEBUG: RemoteVariableCollector: found variable IsCarrierEmpty (ns=6;s=ScrewingStation.Components.Storage.Components.Slot_2.Monitoring.IsCarrierEmpty)
[2025-12-06 00:51:30] DEBUG: RemoteVariableCollector: found variable CarrierType (ns=6;s=ScrewingStation.Components.Storage.Components.Slot_2.Monitoring.CarrierType)
[2025-12-06 00:51:30] DEBUG: RemoteVariableCollector: found variable ProductType (ns=6;s=ScrewingStation.Components.Storage.Components.Slot_2.Monitoring.ProductType)
[2025-12-06 00:51:30] DEBUG: RemoteVariableCollector: found variable CurrentState (ns=6;s=ScrewingStation.Components.Storage.Components.Slot_2.Monitoring.CurrentState)
[2025-12-06 00:51:30] DEBUG: RemoteVariableCollector: found variable Manufacturer (ns=6;s=ScrewingStation.Components.Storage.Components.Slot_2.Identification.Manufacturer)
[2025-12-06 00:51:30] DEBUG: RemoteVariableCollector: found variable SerialNumber (ns=6;s=ScrewingStation.Components.Storage.Components.Slot_2.Identification.SerialNumber)
[2025-12-06 00:51:30] DEBUG: RemoteVariableCollector: found variable AssetId (ns=6;s=ScrewingStation.Components.Storage.Components.Slot_2.Identification.AssetId)
[2025-12-06 00:51:30] DEBUG: RemoteVariableCollector: found variable ComponentName (ns=6;s=ScrewingStation.Components.Storage.Components.Slot_2.Identification.ComponentName)
[2025-12-06 00:51:30] INFO: RemoteVariableCollector: traversal complete. variables-added=4, skipped-non-variable=0, read-failures=0, total-visited=5
[2025-12-06 00:51:30] DEBUG: RemoteVariableCollector: found variable Base (ns=3;s=ScrewingStation.Components.Storage.Monitoring.SpatialObject.PositionFrame.Base)
[2025-12-06 00:51:30] DEBUG: RemoteVariableCollector: found variable Orientation (ns=3;s=ScrewingStation.Components.Storage.Monitoring.SpatialObject.PositionFrame.Orientation)
[2025-12-06 00:51:30] DEBUG: RemoteVariableCollector: found variable Position (ns=3;s=ScrewingStation.Components.Storage.Monitoring.SpatialObject.PositionFrame.Position)
[2025-12-06 00:51:30] INFO: RemoteVariableCollector: traversal complete. variables-added=4, skipped-non-variable=0, read-failures=0, total-visited=5
[2025-12-06 00:51:30] INFO: RemoteVariableCollector: traversal complete. variables-added=4, skipped-non-variable=0, read-failures=0, total-visited=5
[2025-12-06 00:51:30] INFO: RemoteVariableCollector: traversal complete. variables-added=4, skipped-non-variable=0, read-failures=0, total-visited=5
[2025-12-06 00:51:30] INFO: RemoteVariableCollector: traversal complete. variables-added=4, skipped-non-variable=0, read-failures=0, total-visited=5
[2025-12-06 00:51:30] DEBUG: RemoteVariableCollector: found variable Slot_1 (ns=3;s=ScrewingStation.Components.Storage.Monitoring.SpatialObject.AttachPoints.Slot_1)
[2025-12-06 00:51:30] DEBUG: RemoteVariableCollector: found variable Slot_2 (ns=3;s=ScrewingStation.Components.Storage.Monitoring.SpatialObject.AttachPoints.Slot_2)
[2025-12-06 00:51:30] DEBUG: RemoteVariableCollector: found variable Slot_3 (ns=3;s=ScrewingStation.Components.Storage.Monitoring.SpatialObject.AttachPoints.Slot_3)
[2025-12-06 00:51:30] DEBUG: RemoteVariableCollector: found variable Slot_4 (ns=3;s=ScrewingStation.Components.Storage.Monitoring.SpatialObject.AttachPoints.Slot_4)
[2025-12-06 00:51:30] INFO: RemoteVariableCollector: traversal complete. variables-added=7, skipped-non-variable=0, read-failures=0, total-visited=8
[2025-12-06 00:51:30] INFO: RemoteVariableCollector: traversal complete. variables-added=7, skipped-non-variable=0, read-failures=0, total-visited=8
[2025-12-06 00:51:30] INFO: RemoteVariableCollector: traversal complete. variables-added=7, skipped-non-variable=0, read-failures=0, total-visited=8
[2025-12-06 00:51:30] INFO: RemoteVariableCollector: traversal complete. variables-added=7, skipped-non-variable=0, read-failures=0, total-visited=8
[2025-12-06 00:51:30] DEBUG: RemoteVariableCollector: found variable A (ns=3;s=ScrewingStation.Components.Storage.Monitoring.SpatialObject.PositionFrame.Orientation.A)
[2025-12-06 00:51:30] DEBUG: RemoteVariableCollector: found variable AngleUnit (ns=3;s=ScrewingStation.Components.Storage.Monitoring.SpatialObject.PositionFrame.Orientation.AngleUnit)
[2025-12-06 00:51:30] DEBUG: RemoteVariableCollector: found variable B (ns=3;s=ScrewingStation.Components.Storage.Monitoring.SpatialObject.PositionFrame.Orientation.B)
[2025-12-06 00:51:30] DEBUG: RemoteVariableCollector: found variable C (ns=3;s=ScrewingStation.Components.Storage.Monitoring.SpatialObject.PositionFrame.Orientation.C)
[2025-12-06 00:51:30] DEBUG: RemoteVariableCollector: found variable LengthUnit (ns=3;s=ScrewingStation.Components.Storage.Monitoring.SpatialObject.PositionFrame.Position.LengthUnit)
[2025-12-06 00:51:30] DEBUG: RemoteVariableCollector: found variable X (ns=3;s=ScrewingStation.Components.Storage.Monitoring.SpatialObject.PositionFrame.Position.X)
[2025-12-06 00:51:30] DEBUG: RemoteVariableCollector: found variable Y (ns=3;s=ScrewingStation.Components.Storage.Monitoring.SpatialObject.PositionFrame.Position.Y)
[2025-12-06 00:51:30] DEBUG: RemoteVariableCollector: found variable Z (ns=3;s=ScrewingStation.Components.Storage.Monitoring.SpatialObject.PositionFrame.Position.Z)
[2025-12-06 00:51:30] DEBUG: RemoteVariableCollector: found variable Base (ns=3;s=ScrewingStation.Components.Storage.Monitoring.SpatialObject.AttachPoints.Slot_1.Base)
[2025-12-06 00:51:30] DEBUG: RemoteVariableCollector: found variable Orientation (ns=3;s=ScrewingStation.Components.Storage.Monitoring.SpatialObject.AttachPoints.Slot_1.Orientation)
[2025-12-06 00:51:30] DEBUG: RemoteVariableCollector: found variable Position (ns=3;s=ScrewingStation.Components.Storage.Monitoring.SpatialObject.AttachPoints.Slot_1.Position)
[2025-12-06 00:51:30] DEBUG: RemoteVariableCollector: found variable Base (ns=3;s=ScrewingStation.Components.Storage.Monitoring.SpatialObject.AttachPoints.Slot_2.Base)
[2025-12-06 00:51:30] DEBUG: RemoteVariableCollector: found variable Orientation (ns=3;s=ScrewingStation.Components.Storage.Monitoring.SpatialObject.AttachPoints.Slot_2.Orientation)
[2025-12-06 00:51:30] DEBUG: RemoteVariableCollector: found variable Position (ns=3;s=ScrewingStation.Components.Storage.Monitoring.SpatialObject.AttachPoints.Slot_2.Position)
[2025-12-06 00:51:30] DEBUG: RemoteVariableCollector: found variable Base (ns=3;s=ScrewingStation.Components.Storage.Monitoring.SpatialObject.AttachPoints.Slot_3.Base)
[2025-12-06 00:51:30] DEBUG: RemoteVariableCollector: found variable Orientation (ns=3;s=ScrewingStation.Components.Storage.Monitoring.SpatialObject.AttachPoints.Slot_3.Orientation)
[2025-12-06 00:51:30] DEBUG: RemoteVariableCollector: found variable Position (ns=3;s=ScrewingStation.Components.Storage.Monitoring.SpatialObject.AttachPoints.Slot_3.Position)
[2025-12-06 00:51:30] DEBUG: RemoteVariableCollector: found variable Base (ns=3;s=ScrewingStation.Components.Storage.Monitoring.SpatialObject.AttachPoints.Slot_4.Base)
[2025-12-06 00:51:30] DEBUG: RemoteVariableCollector: found variable Orientation (ns=3;s=ScrewingStation.Components.Storage.Monitoring.SpatialObject.AttachPoints.Slot_4.Orientation)
[2025-12-06 00:51:30] DEBUG: RemoteVariableCollector: found variable Position (ns=3;s=ScrewingStation.Components.Storage.Monitoring.SpatialObject.AttachPoints.Slot_4.Position)
[2025-12-06 00:51:30] DEBUG: RemoteVariableCollector: found variable A (ns=3;s=ScrewingStation.Components.Storage.Monitoring.SpatialObject.AttachPoints.Slot_1.Orientation.A)
[2025-12-06 00:51:30] DEBUG: RemoteVariableCollector: found variable AngleUnit (ns=3;s=ScrewingStation.Components.Storage.Monitoring.SpatialObject.AttachPoints.Slot_1.Orientation.AngleUnit)
[2025-12-06 00:51:30] DEBUG: RemoteVariableCollector: found variable B (ns=3;s=ScrewingStation.Components.Storage.Monitoring.SpatialObject.AttachPoints.Slot_1.Orientation.B)
[2025-12-06 00:51:30] DEBUG: RemoteVariableCollector: found variable C (ns=3;s=ScrewingStation.Components.Storage.Monitoring.SpatialObject.AttachPoints.Slot_1.Orientation.C)
[2025-12-06 00:51:30] DEBUG: RemoteVariableCollector: found variable LengthUnit (ns=3;s=ScrewingStation.Components.Storage.Monitoring.SpatialObject.AttachPoints.Slot_1.Position.LengthUnit)
[2025-12-06 00:51:30] DEBUG: RemoteVariableCollector: found variable X (ns=3;s=ScrewingStation.Components.Storage.Monitoring.SpatialObject.AttachPoints.Slot_1.Position.X)
[2025-12-06 00:51:30] DEBUG: RemoteVariableCollector: found variable Y (ns=3;s=ScrewingStation.Components.Storage.Monitoring.SpatialObject.AttachPoints.Slot_1.Position.Y)
[2025-12-06 00:51:30] DEBUG: RemoteVariableCollector: found variable Z (ns=3;s=ScrewingStation.Components.Storage.Monitoring.SpatialObject.AttachPoints.Slot_1.Position.Z)
[2025-12-06 00:51:30] DEBUG: RemoteVariableCollector: found variable A (ns=3;s=ScrewingStation.Components.Storage.Monitoring.SpatialObject.AttachPoints.Slot_2.Orientation.A)
[2025-12-06 00:51:30] DEBUG: RemoteVariableCollector: found variable AngleUnit (ns=3;s=ScrewingStation.Components.Storage.Monitoring.SpatialObject.AttachPoints.Slot_2.Orientation.AngleUnit)
[2025-12-06 00:51:30] DEBUG: RemoteVariableCollector: found variable B (ns=3;s=ScrewingStation.Components.Storage.Monitoring.SpatialObject.AttachPoints.Slot_2.Orientation.B)
[2025-12-06 00:51:30] DEBUG: RemoteVariableCollector: found variable C (ns=3;s=ScrewingStation.Components.Storage.Monitoring.SpatialObject.AttachPoints.Slot_2.Orientation.C)
[2025-12-06 00:51:30] DEBUG: RemoteVariableCollector: found variable LengthUnit (ns=3;s=ScrewingStation.Components.Storage.Monitoring.SpatialObject.AttachPoints.Slot_2.Position.LengthUnit)
[2025-12-06 00:51:30] DEBUG: RemoteVariableCollector: found variable X (ns=3;s=ScrewingStation.Components.Storage.Monitoring.SpatialObject.AttachPoints.Slot_2.Position.X)
[2025-12-06 00:51:30] DEBUG: RemoteVariableCollector: found variable Y (ns=3;s=ScrewingStation.Components.Storage.Monitoring.SpatialObject.AttachPoints.Slot_2.Position.Y)
[2025-12-06 00:51:30] DEBUG: RemoteVariableCollector: found variable Z (ns=3;s=ScrewingStation.Components.Storage.Monitoring.SpatialObject.AttachPoints.Slot_2.Position.Z)
[2025-12-06 00:51:30] DEBUG: RemoteVariableCollector: found variable A (ns=3;s=ScrewingStation.Components.Storage.Monitoring.SpatialObject.AttachPoints.Slot_3.Orientation.A)
[2025-12-06 00:51:30] DEBUG: RemoteVariableCollector: found variable AngleUnit (ns=3;s=ScrewingStation.Components.Storage.Monitoring.SpatialObject.AttachPoints.Slot_3.Orientation.AngleUnit)
[2025-12-06 00:51:30] DEBUG: RemoteVariableCollector: found variable B (ns=3;s=ScrewingStation.Components.Storage.Monitoring.SpatialObject.AttachPoints.Slot_3.Orientation.B)
[2025-12-06 00:51:30] DEBUG: RemoteVariableCollector: found variable C (ns=3;s=ScrewingStation.Components.Storage.Monitoring.SpatialObject.AttachPoints.Slot_3.Orientation.C)
[2025-12-06 00:51:30] DEBUG: RemoteVariableCollector: found variable LengthUnit (ns=3;s=ScrewingStation.Components.Storage.Monitoring.SpatialObject.AttachPoints.Slot_3.Position.LengthUnit)
[2025-12-06 00:51:30] DEBUG: RemoteVariableCollector: found variable X (ns=3;s=ScrewingStation.Components.Storage.Monitoring.SpatialObject.AttachPoints.Slot_3.Position.X)
[2025-12-06 00:51:30] DEBUG: RemoteVariableCollector: found variable Y (ns=3;s=ScrewingStation.Components.Storage.Monitoring.SpatialObject.AttachPoints.Slot_3.Position.Y)
[2025-12-06 00:51:30] DEBUG: RemoteVariableCollector: found variable Z (ns=3;s=ScrewingStation.Components.Storage.Monitoring.SpatialObject.AttachPoints.Slot_3.Position.Z)
[2025-12-06 00:51:30] DEBUG: RemoteVariableCollector: found variable A (ns=3;s=ScrewingStation.Components.Storage.Monitoring.SpatialObject.AttachPoints.Slot_4.Orientation.A)
[2025-12-06 00:51:30] DEBUG: RemoteVariableCollector: found variable AngleUnit (ns=3;s=ScrewingStation.Components.Storage.Monitoring.SpatialObject.AttachPoints.Slot_4.Orientation.AngleUnit)
[2025-12-06 00:51:30] DEBUG: RemoteVariableCollector: found variable B (ns=3;s=ScrewingStation.Components.Storage.Monitoring.SpatialObject.AttachPoints.Slot_4.Orientation.B)
[2025-12-06 00:51:30] DEBUG: RemoteVariableCollector: found variable C (ns=3;s=ScrewingStation.Components.Storage.Monitoring.SpatialObject.AttachPoints.Slot_4.Orientation.C)
[2025-12-06 00:51:30] DEBUG: RemoteVariableCollector: found variable LengthUnit (ns=3;s=ScrewingStation.Components.Storage.Monitoring.SpatialObject.AttachPoints.Slot_4.Position.LengthUnit)
[2025-12-06 00:51:30] DEBUG: RemoteVariableCollector: found variable X (ns=3;s=ScrewingStation.Components.Storage.Monitoring.SpatialObject.AttachPoints.Slot_4.Position.X)
[2025-12-06 00:51:30] DEBUG: RemoteVariableCollector: found variable Y (ns=3;s=ScrewingStation.Components.Storage.Monitoring.SpatialObject.AttachPoints.Slot_4.Position.Y)
[2025-12-06 00:51:30] DEBUG: RemoteVariableCollector: found variable Z (ns=3;s=ScrewingStation.Components.Storage.Monitoring.SpatialObject.AttachPoints.Slot_4.Position.Z)
[2025-12-06 00:51:30] INFO: RemoteVariableCollector: traversal complete. variables-added=61, skipped-non-variable=4, read-failures=0, total-visited=66
[2025-12-06 00:51:30] DEBUG: RemoteVariableCollector: found variable Manufacturer (ns=6;s=ScrewingStation.Components.DockingStation.Identification.Manufacturer)
[2025-12-06 00:51:30] DEBUG: RemoteVariableCollector: found variable SerialNumber (ns=6;s=ScrewingStation.Components.DockingStation.Identification.SerialNumber)
[2025-12-06 00:51:30] DEBUG: RemoteVariableCollector: found variable AssetId (ns=6;s=ScrewingStation.Components.DockingStation.Identification.AssetId)
[2025-12-06 00:51:30] DEBUG: RemoteVariableCollector: found variable ComponentName (ns=6;s=ScrewingStation.Components.DockingStation.Identification.ComponentName)
[2025-12-06 00:51:30] DEBUG: RemoteVariableCollector: found variable AmrIsDocked (ns=6;s=ScrewingStation.Components.DockingStation.Monitoring.AmrIsDocked)
[2025-12-06 00:51:30] DEBUG: RemoteVariableCollector: found variable AmrId (ns=6;s=ScrewingStation.Components.DockingStation.Monitoring.AmrId)
[2025-12-06 00:51:30] DEBUG: RemoteVariableCollector: found variable DockStorageBlocked (ns=6;s=ScrewingStation.Components.DockingStation.Monitoring.DockStorageBlocked)
[2025-12-06 00:51:30] DEBUG: RemoteVariableCollector: found variable DockBlockedSlots (ns=6;s=ScrewingStation.Components.DockingStation.Monitoring.DockBlockedSlots)
[2025-12-06 00:51:30] DEBUG: RemoteVariableCollector: found variable DockingTime (ns=6;s=ScrewingStation.Components.DockingStation.Monitoring.DockingTime)
[2025-12-06 00:51:30] DEBUG: RemoteVariableCollector: found variable ExternalHandoverActive (ns=6;s=ScrewingStation.Components.DockingStation.Monitoring.ExternalHandoverActive)
[2025-12-06 00:51:30] INFO: RemoteVariableCollector: traversal complete. variables-added=4, skipped-non-variable=0, read-failures=0, total-visited=5
[2025-12-06 00:51:30] INFO: RemoteVariableCollector: traversal complete. variables-added=6, skipped-non-variable=0, read-failures=0, total-visited=7
[2025-12-06 00:51:30] DEBUG: RemoteVariableCollector: found variable AmrId (ns=6;s=ScrewingStation.Components.DockingStation.SkillSet.DockingSkill.SkillExecution.ParameterSet.AmrId)
[2025-12-06 00:51:30] DEBUG: RemoteVariableCollector: found variable RequestedSlotId (ns=6;s=ScrewingStation.Components.DockingStation.SkillSet.DockingSkill.SkillExecution.ParameterSet.RequestedSlotId)
[2025-12-06 00:51:30] INFO: RemoteVariableCollector: traversal complete. variables-added=2, skipped-non-variable=0, read-failures=0, total-visited=3
[2025-12-06 00:51:30] DEBUG: RemoteVariableCollector: found variable SuccessfulExecutionsCount (ns=5;s=ScrewingStation.Components.DockingStation.SkillSet.DockingSkill.SkillExecution.FinalResultData.SuccessfulExecutionsCount)
[2025-12-06 00:51:30] INFO: RemoteVariableCollector: traversal complete. variables-added=1, skipped-non-variable=0, read-failures=0, total-visited=2
[2025-12-06 00:51:30] DEBUG: RemoteVariableCollector: found variable SlotReference (ns=6;s=ScrewingStation.Components.DockingStation.SkillSet.StoreInternal.SkillExecution.Monitoring.SlotReference)
[2025-12-06 00:51:30] INFO: RemoteVariableCollector: traversal complete. variables-added=1, skipped-non-variable=0, read-failures=0, total-visited=2
[2025-12-06 00:51:30] DEBUG: RemoteVariableCollector: found variable ProductID (ns=6;s=ScrewingStation.Components.DockingStation.SkillSet.StoreInternal.SkillExecution.ParameterSet.ProductID)
[2025-12-06 00:51:30] DEBUG: RemoteVariableCollector: found variable ProductType (ns=6;s=ScrewingStation.Components.DockingStation.SkillSet.StoreInternal.SkillExecution.ParameterSet.ProductType)
[2025-12-06 00:51:30] INFO: RemoteVariableCollector: traversal complete. variables-added=2, skipped-non-variable=0, read-failures=0, total-visited=3
[2025-12-06 00:51:30] DEBUG: RemoteVariableCollector: found variable SuccessfulExecutionsCount (ns=5;s=ScrewingStation.Components.DockingStation.SkillSet.StoreInternal.SkillExecution.FinalResultData.SuccessfulExecutionsCount)
[2025-12-06 00:51:30] INFO: RemoteVariableCollector: traversal complete. variables-added=1, skipped-non-variable=0, read-failures=0, total-visited=2
[2025-12-06 00:51:30] DEBUG: RemoteVariableCollector: found variable SlotReference (ns=6;s=ScrewingStation.Components.DockingStation.SkillSet.RetrieveInternal.SkillExecution.Monitoring.SlotReference)
[2025-12-06 00:51:30] INFO: RemoteVariableCollector: traversal complete. variables-added=1, skipped-non-variable=0, read-failures=0, total-visited=2
[2025-12-06 00:51:30] DEBUG: RemoteVariableCollector: found variable ProductID (ns=6;s=ScrewingStation.Components.DockingStation.SkillSet.RetrieveInternal.SkillExecution.ParameterSet.ProductID)
[2025-12-06 00:51:30] DEBUG: RemoteVariableCollector: found variable ProductType (ns=6;s=ScrewingStation.Components.DockingStation.SkillSet.RetrieveInternal.SkillExecution.ParameterSet.ProductType)
[2025-12-06 00:51:30] INFO: RemoteVariableCollector: traversal complete. variables-added=2, skipped-non-variable=0, read-failures=0, total-visited=3
[2025-12-06 00:51:30] DEBUG: RemoteVariableCollector: found variable SuccessfulExecutionsCount (ns=5;s=ScrewingStation.Components.DockingStation.SkillSet.RetrieveInternal.SkillExecution.FinalResultData.SuccessfulExecutionsCount)
[2025-12-06 00:51:30] INFO: RemoteVariableCollector: traversal complete. variables-added=1, skipped-non-variable=0, read-failures=0, total-visited=2
[2025-12-06 00:51:30] DEBUG: RemoteVariableCollector: found variable SlotReference (ns=6;s=ScrewingStation.Components.DockingStation.SkillSet.StoreExternal.SkillExecution.Monitoring.SlotReference)
[2025-12-06 00:51:30] INFO: RemoteVariableCollector: traversal complete. variables-added=1, skipped-non-variable=0, read-failures=0, total-visited=2
[2025-12-06 00:51:30] DEBUG: RemoteVariableCollector: found variable ProductID (ns=6;s=ScrewingStation.Components.DockingStation.SkillSet.StoreExternal.SkillExecution.ParameterSet.ProductID)
[2025-12-06 00:51:30] DEBUG: RemoteVariableCollector: found variable ProductType (ns=6;s=ScrewingStation.Components.DockingStation.SkillSet.StoreExternal.SkillExecution.ParameterSet.ProductType)
[2025-12-06 00:51:30] INFO: RemoteVariableCollector: traversal complete. variables-added=2, skipped-non-variable=0, read-failures=0, total-visited=3
[2025-12-06 00:51:30] DEBUG: RemoteVariableCollector: found variable SuccessfulExecutionsCount (ns=5;s=ScrewingStation.Components.DockingStation.SkillSet.StoreExternal.SkillExecution.FinalResultData.SuccessfulExecutionsCount)
[2025-12-06 00:51:30] INFO: RemoteVariableCollector: traversal complete. variables-added=1, skipped-non-variable=0, read-failures=0, total-visited=2
[2025-12-06 00:51:30] DEBUG: RemoteVariableCollector: found variable SlotReference (ns=6;s=ScrewingStation.Components.DockingStation.SkillSet.RetrieveExternal.SkillExecution.Monitoring.SlotReference)
[2025-12-06 00:51:30] INFO: RemoteVariableCollector: traversal complete. variables-added=1, skipped-non-variable=0, read-failures=0, total-visited=2
[2025-12-06 00:51:30] DEBUG: RemoteVariableCollector: found variable ProductID (ns=6;s=ScrewingStation.Components.DockingStation.SkillSet.RetrieveExternal.SkillExecution.ParameterSet.ProductID)
[2025-12-06 00:51:30] DEBUG: RemoteVariableCollector: found variable ProductType (ns=6;s=ScrewingStation.Components.DockingStation.SkillSet.RetrieveExternal.SkillExecution.ParameterSet.ProductType)
[2025-12-06 00:51:30] INFO: RemoteVariableCollector: traversal complete. variables-added=2, skipped-non-variable=0, read-failures=0, total-visited=3
[2025-12-06 00:51:30] DEBUG: RemoteVariableCollector: found variable SuccessfulExecutionsCount (ns=5;s=ScrewingStation.Components.DockingStation.SkillSet.RetrieveExternal.SkillExecution.FinalResultData.SuccessfulExecutionsCount)
[2025-12-06 00:51:30] INFO: RemoteVariableCollector: traversal complete. variables-added=1, skipped-non-variable=0, read-failures=0, total-visited=2
[2025-12-06 00:51:30] DEBUG: RemoteVariableCollector: found variable SuccessfulExecutionsCount (ns=6;s=ScrewingStation.SkillSet.StartupSkill.SkillExecution.FinalResultData.SuccessfulExecutionsCount)
[2025-12-06 00:51:30] INFO: RemoteVariableCollector: traversal complete. variables-added=1, skipped-non-variable=0, read-failures=0, total-visited=2
[2025-12-06 00:51:30] DEBUG: RemoteVariableCollector: found variable SuccessfulExecutionsCount (ns=6;s=ScrewingStation.SkillSet.ShutdownSkill.SkillExecution.FinalResultData.SuccessfulExecutionsCount)
[2025-12-06 00:51:30] INFO: RemoteVariableCollector: traversal complete. variables-added=1, skipped-non-variable=0, read-failures=0, total-visited=2
[2025-12-06 00:51:30] DEBUG: RemoteVariableCollector: found variable SuccessfulExecutionsCount (ns=6;s=ScrewingStation.SkillSet.Store.SkillExecution.FinalResultData.SuccessfulExecutionsCount)
[2025-12-06 00:51:30] INFO: RemoteVariableCollector: traversal complete. variables-added=1, skipped-non-variable=0, read-failures=0, total-visited=2
[2025-12-06 00:51:31] DEBUG: RemoteVariableCollector: found variable SuccessfulExecutionsCount (ns=6;s=ScrewingStation.SkillSet.Retrieve.SkillExecution.FinalResultData.SuccessfulExecutionsCount)
[2025-12-06 00:51:31] INFO: RemoteVariableCollector: traversal complete. variables-added=1, skipped-non-variable=0, read-failures=0, total-visited=2
[2025-12-06 00:51:31] DEBUG: RemoteVariableCollector: found variable ProductId (ns=6;s=ScrewingStation.SkillSet.Screw.SkillExecution.ParameterSet.ProductId)
[2025-12-06 00:51:31] INFO: RemoteVariableCollector: traversal complete. variables-added=1, skipped-non-variable=0, read-failures=0, total-visited=2
[2025-12-06 00:51:31] DEBUG: RemoteVariableCollector: found variable SuccessfulExecutionsCount (ns=6;s=ScrewingStation.SkillSet.Screw.SkillExecution.FinalResultData.SuccessfulExecutionsCount)
[2025-12-06 00:51:31] INFO: RemoteVariableCollector: traversal complete. variables-added=1, skipped-non-variable=0, read-failures=0, total-visited=2
[2025-12-06 00:51:31] INFO: Module 'ScrewingStation' setup completed.
dbug: MAS_BT.Core.BTContext[0]
      Context: UaClient = UAClient.Client.UaClient
dbug: MAS_BT.Core.BTContext[0]
      Context: RemoteServer = UAClient.Client.RemoteServer
dbug: MAS_BT.Core.BTContext[0]
      Context: moduleEndpoint = opc.tcp://192.168.178.30:4849
dbug: MAS_BT.Core.BTContext[0]
      Context: connected = True
info: MAS_BT.Serialization.XmlTreeDeserializer[0]
      ConnectToModule: Connected successfully to opc.tcp://192.168.178.30:4849
info: MAS_BT.Serialization.XmlTreeDeserializer[0]
        → Discovered 2 modules
dbug: MAS_BT.Serialization.XmlTreeDeserializer[0]
        → Module: FolderType (0 skills)
dbug: MAS_BT.Serialization.XmlTreeDeserializer[0]
        → Module: ScrewingStation (5 skills)
dbug: MAS_BT.Serialization.XmlTreeDeserializer[0]
      SendLogMessage: Sent log message via MQTT to {AgentId}/logs
info: MAS_BT.Serialization.XmlTreeDeserializer[0]
      RetryUntilSuccess 'OpcUaConnectRetry' succeeded after 1 attempts
dbug: MAS_BT.Serialization.XmlTreeDeserializer[0]
      RetryUntilSuccess 'LockRetry' starting (infinite)
dbug: MAS_BT.Serialization.XmlTreeDeserializer[0]
      RetryUntilSuccess 'LockRetry' attempt 1
dbug: MAS_BT.Serialization.XmlTreeDeserializer[0]
      SendLogMessage: Sent log message via MQTT to {AgentId}/logs
info: MAS_BT.Serialization.XmlTreeDeserializer[0]
      LockResource: Attempting to lock module ScrewingStation (ResourceId: Module_Assembly_01)
info: MAS_BT.Serialization.XmlTreeDeserializer[0]
      LockResource: Calling module.LockAsync() for ScrewingStation...
[2025-12-06 00:51:31] INFO: Locking module ScrewingStation via lock Lock
[2025-12-06 00:51:31] DEBUG: RemoteModule 'ScrewingStation': invoking lock Init on Lock (node=ns=6;s=ScrewingStation.Lock)
[2025-12-06 00:51:31] INFO: RemoteLock.InitLockAsync: calling discovered method 'InitLock' (ns=6;s=ScrewingStation.Lock.InitLock) on object ns=6;s=ScrewingStation.Lock
[2025-12-06 00:51:31] INFO: RemoteLock.InitLockAsync: call of 'InitLock' succeeded
[2025-12-06 00:51:31] DEBUG: GetLockOwnerAsync: reading Descriptor.LockingClient node=ns=6;s=ScrewingStation.Lock.LockingClient
[2025-12-06 00:51:31] DEBUG: RemoteModule 'ScrewingStation': Lock owner='BeBlWorkstationUbuntu.fritz.box', AppName='UAClient', Hostname='BeBlWorkstationUbuntu'
[2025-12-06 00:51:31] INFO: RemoteModule 'ScrewingStation': Successfully locked by us (Owner: BeBlWorkstationUbuntu.fritz.box)
info: MAS_BT.Serialization.XmlTreeDeserializer[0]
      LockResource: Lock call succeeded for ScrewingStation
dbug: MAS_BT.Core.BTContext[0]
      Context: State_Module_Assembly_01_IsLocked = True
dbug: MAS_BT.Core.BTContext[0]
      Context: State_Module_Assembly_01_LockOwner = TestAgent
dbug: MAS_BT.Core.BTContext[0]
      Context: State_ScrewingStation_IsLocked = True
dbug: MAS_BT.Core.BTContext[0]
      Context: locked = True
dbug: MAS_BT.Core.BTContext[0]
      Context: lockedModule = ScrewingStation
dbug: MAS_BT.Serialization.XmlTreeDeserializer[0]
      Wait: Waiting 500ms
dbug: MAS_BT.Serialization.XmlTreeDeserializer[0]
      CheckLockStatus: Module ScrewingStation is locked by us
dbug: MAS_BT.Core.BTContext[0]
      Context: lockStatus = True
dbug: MAS_BT.Core.BTContext[0]
      Context: lockedByUs = True
dbug: MAS_BT.Serialization.XmlTreeDeserializer[0]
      SendLogMessage: Sent log message via MQTT to {AgentId}/logs
info: MAS_BT.Serialization.XmlTreeDeserializer[0]
      RetryUntilSuccess 'LockRetry' succeeded after 1 attempts
dbug: MAS_BT.Serialization.XmlTreeDeserializer[0]
      SendLogMessage: Sent log message via MQTT to {AgentId}/logs
dbug: MAS_BT.Serialization.XmlTreeDeserializer[0]
      CheckLockStatus: Module ScrewingStation is locked by us
dbug: MAS_BT.Core.BTContext[0]
      Context: lockStatus = True
dbug: MAS_BT.Core.BTContext[0]
      Context: lockedByUs = True
dbug: MAS_BT.Serialization.XmlTreeDeserializer[0]
      SendLogMessage: Sent log message via MQTT to {AgentId}/logs
info: MAS_BT.Serialization.XmlTreeDeserializer[0]
      ExecuteSkill: Executing StartupSkill on module ScrewingStation
info: MAS_BT.Serialization.XmlTreeDeserializer[0]
      ExecuteSkill: Skill StartupSkill found. Current state: Halted
info: MAS_BT.Serialization.XmlTreeDeserializer[0]
      ExecuteSkill: Executing skill StartupSkill with parameters: 
[2025-12-06 00:51:31] INFO: RemoteSkill 'StartupSkill': ExecuteAsync start (waitForCompletion=False, timeout=00:01:00)
[2025-12-06 00:51:31] DEBUG: RemoteVariableCollector: found variable SuccessfulExecutionsCount (ns=6;s=ScrewingStation.SkillSet.StartupSkill.SkillExecution.FinalResultData.SuccessfulExecutionsCount)
[2025-12-06 00:51:31] INFO: RemoteVariableCollector: traversal complete. variables-added=1, skipped-non-variable=0, read-failures=0, total-visited=2
[2025-12-06 00:51:31] INFO: RemoteSkill 'StartupSkill': SetupSubscriptionsAsync completed (createdSubscriptions=True)
[2025-12-06 00:51:31] INFO: RemoteSkill 'StartupSkill': initial state after core subscribe = 11
[2025-12-06 00:51:31] INFO: RemoteSkill 'StartupSkill': core subscribed=True
[2025-12-06 00:51:31] INFO: RemoteSkill 'StartupSkill': attempting Reset before start (state=11)
[2025-12-06 00:51:32] INFO: RemoteSkill 'StartupSkill': state changed -> Ready
[2025-12-06 00:51:32] INFO: RemoteSkill 'StartupSkill': Reset before start succeeded, skill is Ready
[2025-12-06 00:51:32] INFO: RemoteSkill 'StartupSkill': invoking Start
[2025-12-06 00:51:32] INFO: RemoteSkill 'StartupSkill': calling Start method (methodId=ns=6;s=ScrewingStation.SkillSet.StartupSkill.SkillExecution.StateMachine.Start) on BaseNodeId=ns=6;s=ScrewingStation.SkillSet.StartupSkill
[2025-12-06 00:51:32] DEBUG: RemoteSkill 'StartupSkill': Start call returned: System.Collections.Generic.List`1[System.Object]
[2025-12-06 00:51:32] INFO: RemoteSkill 'StartupSkill': state changed -> Starting
[2025-12-06 00:51:33] INFO: RemoteSkill 'ShutdownSkill': state changed -> Resetting
[2025-12-06 00:51:33] INFO: RemoteSkill 'Store': state changed -> Resetting
[2025-12-06 00:51:33] INFO: RemoteSkill 'Retrieve': state changed -> Resetting
[2025-12-06 00:51:33] INFO: RemoteSkill 'Screw': state changed -> Ready
[2025-12-06 00:51:33] INFO: RemoteSkill 'StartupSkill': state changed -> Running
[2025-12-06 00:51:33] INFO: RemoteSkill 'StartupSkill': Start resulted in Running state
[2025-12-06 00:51:33] INFO: RemoteSkill 'StartupSkill': Start invoked
[2025-12-06 00:51:33] INFO: RemoteSkill 'StartupSkill': awaited Running => True, awaited Completed => False
[2025-12-06 00:51:33] INFO: RemoteSkill 'StartupSkill': not waiting for completion, returning early (short delay)
[2025-12-06 00:51:34] INFO: RemoteSkill 'StartupSkill': Read FinalResultData keys=1
[2025-12-06 00:51:34] INFO: RemoteSkill 'StartupSkill': attempting Reset after completion
[2025-12-06 00:51:34] WARN: RemoteSkill 'StartupSkill': Reset after completion failed: BadInvalidState
[2025-12-06 00:51:34] INFO: RemoteSkill 'StartupSkill': ExecuteAsync finished in 2593 ms
dbug: MAS_BT.Core.BTContext[0]
      Context: started = True
dbug: MAS_BT.Core.BTContext[0]
      Context: lastExecutedSkill = StartupSkill
dbug: MAS_BT.Core.BTContext[0]
      Context: skill_StartupSkill_state = Running
info: MAS_BT.Serialization.XmlTreeDeserializer[0]
      ExecuteSkill: Skill StartupSkill execution completed. Final state: Running
dbug: MAS_BT.Serialization.XmlTreeDeserializer[0]
      SendLogMessage: Sent log message via MQTT to {AgentId}/logs
dbug: MAS_BT.Serialization.XmlTreeDeserializer[0]
      SendLogMessage: Sent log message via MQTT to {AgentId}/logs
info: MAS_BT.Serialization.XmlTreeDeserializer[0]
      ReadStorage: Reading storage from module ScrewingStation
info: MAS_BT.Serialization.XmlTreeDeserializer[0]
      ReadStorage: Found 1 Storage component(s)
info: MAS_BT.Serialization.XmlTreeDeserializer[0]
      ReadStorage: Processing storage 'Storage' with 4 slots
dbug: MAS_BT.Serialization.XmlTreeDeserializer[0]
      ReadStorage: Slot Slot_1 - Empty: True, ProductID: 
dbug: MAS_BT.Serialization.XmlTreeDeserializer[0]
      ReadStorage: Slot Slot_2 - Empty: True, ProductID: 
dbug: MAS_BT.Serialization.XmlTreeDeserializer[0]
      ReadStorage: Slot Slot_3 - Empty: True, ProductID: 
dbug: MAS_BT.Serialization.XmlTreeDeserializer[0]
      ReadStorage: Slot Slot_4 - Empty: True, ProductID: 
dbug: MAS_BT.Core.BTContext[0]
      Context: Storage_ScrewingStation_Storage = [StorageName, Storage], [ModuleName, ScrewingStation], [SlotCount, 4], [FreeSlots, 4], [Slots, System.Collections.Generic.List`1[System.Collections.Generic.Dictionary`2[System.String,System.Object]]]
dbug: MAS_BT.Core.BTContext[0]
      Context: Storage_ScrewingStation_Storage_Slots = System.Collections.Generic.Dictionary`2[System.String,System.Object], System.Collections.Generic.Dictionary`2[System.String,System.Object], System.Collections.Generic.Dictionary`2[System.String,System.Object], System.Collections.Generic.Dictionary`2[System.String,System.Object]
dbug: MAS_BT.Core.BTContext[0]
      Context: Storage_ScrewingStation_Storage_SlotCount = 4
dbug: MAS_BT.Core.BTContext[0]
      Context: Storage_ScrewingStation_Storage_FreeSlots = 4
info: MAS_BT.Serialization.XmlTreeDeserializer[0]
      ReadStorage: Storage 'Storage' data saved - 4 slots, 4 free
dbug: MAS_BT.Core.BTContext[0]
      Context: hasStorage = True
dbug: MAS_BT.Core.BTContext[0]
      Context: Storage_ScrewingStation_All = System.Collections.Generic.Dictionary`2[System.String,System.Object]
dbug: MAS_BT.Core.BTContext[0]
      Context: Storage_ScrewingStation_Count = 1
dbug: MAS_BT.Serialization.XmlTreeDeserializer[0]
      SendLogMessage: Sent log message via MQTT to {AgentId}/logs
dbug: MAS_BT.Serialization.XmlTreeDeserializer[0]
      SendLogMessage: Sent log message via MQTT to {AgentId}/logs

────────────────────────────────────────────────────────────────

✅ BEHAVIOR TREE ERFOLGREICH ABGESCHLOSSEN

────────────────────────────────────────────────────────────────

📊 CONTEXT STATE:

   • connected: ✓
   • locked: ✓
   • coupled: ✗
   • started: ✓
   • sent: ✗
   • moduleEndpoint: opc.tcp://192.168.178.30:4849
   • lastExecutedSkill: StartupSkill


🧹 Cleanup...
✓ RemoteServer disconnected
✓ Cleanup abgeschlossen

👋 Test beendet
